Archive member included to satisfy reference by file (symbol)

z:\_Arcade2\CH592EVT\CH592\SRC\StdPeriphDriver\libISP592.a(ISP583.o)
                              ./StdPeriphDriver/CH59x_flash.o (FLASH_EEPROM_CMD)
z:\_Arcade2\CH592EVT\CH592\BLE\LIB\libCH59xBLE.a(message.o)
                              ./Profile/hiddev.o (tmos_msg_deallocate)
z:\_Arcade2\CH592EVT\CH592\BLE\LIB\libCH59xBLE.a(tmos.o)
                              ./Profile/battservice.o (tmos_memcpy)
z:\_Arcade2\CH592EVT\CH592\BLE\LIB\libCH59xBLE.a(tmos_hw.o)
                              z:\_Arcade2\CH592EVT\CH592\BLE\LIB\libCH59xBLE.a(tmos.o) (bleClock_t)
z:\_Arcade2\CH592EVT\CH592\BLE\LIB\libCH59xBLE.a(tmos_snv.o)
                              z:\_Arcade2\CH592EVT\CH592\BLE\LIB\libCH59xBLE.a(tmos.o) (tmos_snv_init)
z:\_Arcade2\CH592EVT\CH592\BLE\LIB\libCH59xBLE.a(gap.o)
                              ./Profile/hiddev.o (GAP_SetParamValue)
z:\_Arcade2\CH592EVT\CH592\BLE\LIB\libCH59xBLE.a(gap_central.o)
                              z:\_Arcade2\CH592EVT\CH592\BLE\LIB\libCH59xBLE.a(gap.o) (gapProcessPeriodicAdvertisingSyncEstablishedEvt)
z:\_Arcade2\CH592EVT\CH592\BLE\LIB\libCH59xBLE.a(gap_peripheral.o)
                              ./APP/hidkbd.o (GAP_ConfigDeviceAddr)
z:\_Arcade2\CH592EVT\CH592\BLE\LIB\libCH59xBLE.a(gapgattserver.o)
                              ./APP/hidkbd.o (GGS_SetParameter)
z:\_Arcade2\CH592EVT\CH592\BLE\LIB\libCH59xBLE.a(gatt.o)
                              ./Profile/battservice.o (GATT_bm_alloc)
z:\_Arcade2\CH592EVT\CH592\BLE\LIB\libCH59xBLE.a(gatt_uuid.o)
                              ./Profile/battservice.o (reportRefUUID)
z:\_Arcade2\CH592EVT\CH592\BLE\LIB\libCH59xBLE.a(gattclientapp.o)
                              z:\_Arcade2\CH592EVT\CH592\BLE\LIB\libCH59xBLE.a(gatt.o) (gattGetClientStatus)
z:\_Arcade2\CH592EVT\CH592\BLE\LIB\libCH59xBLE.a(gattservapp.o)
                              ./Profile/battservice.o (GATTServApp_ReadCharCfg)
z:\_Arcade2\CH592EVT\CH592\BLE\LIB\libCH59xBLE.a(l2cap.o)
                              z:\_Arcade2\CH592EVT\CH592\BLE\LIB\libCH59xBLE.a(gatt.o) (L2CAP_GetMTU)
z:\_Arcade2\CH592EVT\CH592\BLE\LIB\libCH59xBLE.a(l2cap_input.o)
                              z:\_Arcade2\CH592EVT\CH592\BLE\LIB\libCH59xBLE.a(l2cap.o) (l2capProcessRxData)
z:\_Arcade2\CH592EVT\CH592\BLE\LIB\libCH59xBLE.a(l2cap_output.o)
                              z:\_Arcade2\CH592EVT\CH592\BLE\LIB\libCH59xBLE.a(l2cap_input.o) (l2capNotifyData)
z:\_Arcade2\CH592EVT\CH592\BLE\LIB\libCH59xBLE.a(l2cap_sdu.o)
                              z:\_Arcade2\CH592EVT\CH592\BLE\LIB\libCH59xBLE.a(l2cap_input.o) (l2capBuildDisconnectRsp)
z:\_Arcade2\CH592EVT\CH592\BLE\LIB\libCH59xBLE.a(linkdb.o)
                              z:\_Arcade2\CH592EVT\CH592\BLE\LIB\libCH59xBLE.a(l2cap.o) (linkDB_Init)
z:\_Arcade2\CH592EVT\CH592\BLE\LIB\libCH59xBLE.a(sm.o)
                              z:\_Arcade2\CH592EVT\CH592\BLE\LIB\libCH59xBLE.a(gap.o) (smFreePairingParams)
z:\_Arcade2\CH592EVT\CH592\BLE\LIB\libCH59xBLE.a(sm_initiator.o)
                              z:\_Arcade2\CH592EVT\CH592\BLE\LIB\libCH59xBLE.a(sm.o) (smInitiatorSendNextKeyInfo)
z:\_Arcade2\CH592EVT\CH592\BLE\LIB\libCH59xBLE.a(sm_pdu.o)
                              z:\_Arcade2\CH592EVT\CH592\BLE\LIB\libCH59xBLE.a(sm.o) (smpBuildPairingReq)
z:\_Arcade2\CH592EVT\CH592\BLE\LIB\libCH59xBLE.a(sm_responding.o)
                              z:\_Arcade2\CH592EVT\CH592\BLE\LIB\libCH59xBLE.a(sm.o) (smResponderSendNextKeyInfo)
z:\_Arcade2\CH592EVT\CH592\BLE\LIB\libCH59xBLE.a(sm_toolbox.o)
                              z:\_Arcade2\CH592EVT\CH592\BLE\LIB\libCH59xBLE.a(sm.o) (sm_ah)
z:\_Arcade2\CH592EVT\CH592\BLE\LIB\libCH59xBLE.a(host_input.o)
                              z:\_Arcade2\CH592EVT\CH592\BLE\LIB\libCH59xBLE.a(gap.o) (gBleHostPara)
z:\_Arcade2\CH592EVT\CH592\BLE\LIB\libCH59xBLE.a(host_output.o)
                              z:\_Arcade2\CH592EVT\CH592\BLE\LIB\libCH59xBLE.a(gap.o) (HCI_DisconnectCmd)
z:\_Arcade2\CH592EVT\CH592\BLE\LIB\libCH59xBLE.a(ll_master.o)
                              z:\_Arcade2\CH592EVT\CH592\BLE\LIB\libCH59xBLE.a(gap_central.o) (LL_SetDataSendPriority)
z:\_Arcade2\CH592EVT\CH592\BLE\LIB\libCH59xBLE.a(ll_pdu.o)
                              z:\_Arcade2\CH592EVT\CH592\BLE\LIB\libCH59xBLE.a(ll_master.o) (LL_ConnectionUpdateInd)
z:\_Arcade2\CH592EVT\CH592\BLE\LIB\libCH59xBLE.a(ll_scan.o)
                              z:\_Arcade2\CH592EVT\CH592\BLE\LIB\libCH59xBLE.a(ll_master.o) (LL_ScanEnable)
z:\_Arcade2\CH592EVT\CH592\BLE\LIB\libCH59xBLE.a(ll_whitelist.o)
                              z:\_Arcade2\CH592EVT\CH592\BLE\LIB\libCH59xBLE.a(ll_scan.o) (LL_WhitelistLookup)
z:\_Arcade2\CH592EVT\CH592\BLE\LIB\libCH59xBLE.a(ble_task_process.o)
                              ./HAL/MCU.o (LLE_IRQLibHandler)
z:\_Arcade2\CH592EVT\CH592\BLE\LIB\libCH59xBLE.a(aes.o)
                              z:\_Arcade2\CH592EVT\CH592\BLE\LIB\libCH59xBLE.a(sm_responding.o) (LL_Encrypt)
[...]
Memory Configuration

Name             Origin             Length             Attributes
FLASH            0x0000000000000000 0x0000000000070000 xr
RAM              0x0000000020000000 0x0000000000006800 xrw
*default*        0x0000000000000000 0xffffffffffffffff

Linker script and memory map

LOAD ./StdPeriphDriver/CH59x_adc.o
LOAD ./StdPeriphDriver/CH59x_clk.o
LOAD ./StdPeriphDriver/CH59x_flash.o
LOAD ./StdPeriphDriver/CH59x_gpio.o
LOAD ./StdPeriphDriver/CH59x_i2c.o
LOAD ./StdPeriphDriver/CH59x_lcd.o
LOAD ./StdPeriphDriver/CH59x_pwr.o
LOAD ./StdPeriphDriver/CH59x_sys.o
LOAD ./StdPeriphDriver/CH59x_uart1.o
LOAD ./Startup/startup_CH592.o
LOAD ./RVMSIS/core_riscv.o
LOAD ./Profile/battservice.o
LOAD ./Profile/devinfoservice.o
LOAD ./Profile/hiddev.o
LOAD ./Profile/hidkbdservice.o
LOAD ./Profile/scanparamservice.o
LOAD ./LIB/ble_task_scheduler.o
LOAD ./HAL/MCU.o
LOAD ./HAL/RTC.o
LOAD ./HAL/SLEEP.o
LOAD ./APP/getId.o
LOAD ./APP/hidkbd.o
LOAD ./APP/hidkbd_main.o
LOAD ./APP/hidkbd_usb.o
LOAD ./APP/usb_hid.o
LOAD z:\_Arcade2\CH592EVT\CH592\SRC\StdPeriphDriver\libISP592.a
LOAD z:\_Arcade2\CH592EVT\CH592\BLE\LIB\libCH59xBLE.a
LOAD c:/mounriver/mounriver_studio2/resources/app/resources/win32/components/wch/toolchain/risc-v embedded gcc/bin/../lib/gcc/riscv-none-embed/8.2.0/../../../../riscv-none-embed/lib/rv32imac/ilp32\libm.a
LOAD c:/mounriver/mounriver_studio2/resources/app/resources/win32/components/wch/toolchain/risc-v embedded gcc/bin/../lib/gcc/riscv-none-embed/8.2.0/rv32imac/ilp32\libgcc.a
LOAD c:/mounriver/mounriver_studio2/resources/app/resources/win32/components/wch/toolchain/risc-v embedded gcc/bin/../lib/gcc/riscv-none-embed/8.2.0/../../../../riscv-none-embed/lib/rv32imac/ilp32\libg_nano.a
LOAD c:/mounriver/mounriver_studio2/resources/app/resources/win32/components/wch/toolchain/risc-v embedded gcc/bin/../lib/gcc/riscv-none-embed/8.2.0/../../../../riscv-none-embed/lib/rv32imac/ilp32\libc_nano.a
LOAD c:/mounriver/mounriver_studio2/resources/app/resources/win32/components/wch/toolchain/risc-v embedded gcc/bin/../lib/gcc/riscv-none-embed/8.2.0/rv32imac/ilp32\libgcc.a
START GROUP
LOAD c:/mounriver/mounriver_studio2/resources/app/resources/win32/components/wch/toolchain/risc-v embedded gcc/bin/../lib/gcc/riscv-none-embed/8.2.0/rv32imac/ilp32\libgcc.a
LOAD c:/mounriver/mounriver_studio2/resources/app/resources/win32/components/wch/toolchain/risc-v embedded gcc/bin/../lib/gcc/riscv-none-embed/8.2.0/../../../../riscv-none-embed/lib/rv32imac/ilp32\libc_nano.a
LOAD c:/mounriver/mounriver_studio2/resources/app/resources/win32/components/wch/toolchain/risc-v embedded gcc/bin/../lib/gcc/riscv-none-embed/8.2.0/../../../../riscv-none-embed/lib/rv32imac/ilp32\libnosys.a
END GROUP
START GROUP
LOAD c:/mounriver/mounriver_studio2/resources/app/resources/win32/components/wch/toolchain/risc-v embedded gcc/bin/../lib/gcc/riscv-none-embed/8.2.0/rv32imac/ilp32\libgcc.a
LOAD c:/mounriver/mounriver_studio2/resources/app/resources/win32/components/wch/toolchain/risc-v embedded gcc/bin/../lib/gcc/riscv-none-embed/8.2.0/../../../../riscv-none-embed/lib/rv32imac/ilp32\libc_nano.a
LOAD c:/mounriver/mounriver_studio2/resources/app/resources/win32/components/wch/toolchain/risc-v embedded gcc/bin/../lib/gcc/riscv-none-embed/8.2.0/../../../../riscv-none-embed/lib/rv32imac/ilp32\libnosys.a
END GROUP
                0x0000000000000200                __stack_size = 0x200
                [!provide]                        PROVIDE (_stack_size = __stack_size)

.init           0x0000000000000000        0x4
                0x0000000000000000                _sinit = .
                0x0000000000000000                . = ALIGN (0x4)
 *(SORT_NONE(.init))
 .init          0x0000000000000000        0x4 ./Startup/startup_CH592.o
                0x0000000000000000                _start
                0x0000000000000004                . = ALIGN (0x4)
                0x0000000000000004                _einit = .

.highcodelalign
                0x0000000000000004        0x0
                0x0000000000000004                . = ALIGN (0x4)
                0x0000000000000004                PROVIDE (_highcode_lma = .)

.highcode       0x0000000020000000     0x24f4 load address 0x0000000000000004
                0x0000000020000000                . = ALIGN (0x4)
                0x0000000020000000                PROVIDE (_highcode_vma_start = .)
 *(.vector)
 .vector        0x0000000020000000       0x90 ./Startup/startup_CH592.o
 *(SORT_NONE(.vector_handler))
 .vector_handler
                0x0000000020000090        0x2 ./Startup/startup_CH592.o
                0x0000000020000090                GPIOB_IRQHandler
                0x0000000020000090                SysTick_Handler
                0x0000000020000090                NMI_Handler
                0x0000000020000090                UART1_IRQHandler
                0x0000000020000090                UART0_IRQHandler
                0x0000000020000090                BB_IRQHandler
                0x0000000020000090                Break_Point_Handler
                0x0000000020000090                TMR0_IRQHandler
                0x0000000020000090                UART2_IRQHandler
                0x0000000020000090                PWMX_IRQHandler
                0x0000000020000090                ADC_IRQHandler
                0x0000000020000090                TMR2_IRQHandler
                0x0000000020000090                I2C_IRQHandler
                0x0000000020000090                WDOG_BAT_IRQHandler
                0x0000000020000090                TMR3_IRQHandler
                0x0000000020000090                SW_Handler
                0x0000000020000090                SPI0_IRQHandler
                0x0000000020000090                UART3_IRQHandler
                0x0000000020000090                TMR1_IRQHandler
 *(.highcode)
 .highcode      0x0000000020000092       0x18 ./StdPeriphDriver/CH59x_clk.o
                0x0000000020000092                RTC_GetCycle32k
 .highcode      0x00000000200000aa      0x514 ./StdPeriphDriver/CH59x_pwr.o
                0x00000000200000aa                LowPower_Idle
                0x00000000200000ea                LowPower_Halt
                0x0000000020000214                LowPower_Sleep
                0x0000000020000442                LowPower_Shutdown
 .highcode      0x00000000200005be      0x2ce ./StdPeriphDriver/CH59x_sys.o
                0x00000000200005be                SetSysClock
                0x000000002000077e                SYS_ResetExecute
                0x00000000200007d6                HardFault_Handler
                0x0000000020000856                mDelayuS
                0x0000000020000864                mDelaymS
 *fill*         0x000000002000088c        0x0 
 .highcode      0x000000002000088c       0x4e ./LIB/ble_task_scheduler.o
                0x000000002000088c                Ecall_U_Mode_Handler
                0x000000002000088c                Ecall_M_Mode_Handler
 .highcode      0x00000000200008da       0x2e ./HAL/RTC.o
                0x00000000200008f2                RTC_IRQHandler
 .highcode      0x0000000020000908       0x12 ./APP/hidkbd.o
                0x0000000020000908                GPIOA_IRQHandler
 .highcode      0x000000002000091a        0xa ./APP/hidkbd_main.o
                0x000000002000091a                Main_Circulation
 .highcode      0x0000000020000924        0xc ./APP/usb_hid.o
                0x0000000020000924                USB_IRQHandler
 .highcode      0x0000000020000930      0x426 z:\_Arcade2\CH592EVT\CH592\SRC\StdPeriphDriver\libISP592.a(ISP583.o)
                0x0000000020000930                FLASH_ROM_BEG
                0x0000000020000942                FLASH_ROM_END
                0x0000000020000950                FLASH_ROM_IN
                0x000000002000095e                FLASH_ROM_OUT
                0x000000002000096c                FLASH_ROM_ADDR
                0x00000000200009b4                FLASH_ROM_WAIT
                0x00000000200009ec                FLASH_EEPROM_CMD
 *(.highcode.*)
 *fill*         0x0000000020000d56        0x2 
 .highcode.LLE_IRQHandler
                0x0000000020000d58       0x86 ./LIB/ble_task_scheduler.o
                0x0000000020000d58                LLE_IRQHandler
 .highcode.tmos_memcpy
                0x0000000020000dde       0x3e z:\_Arcade2\CH592EVT\CH592\BLE\LIB\libCH59xBLE.a(tmos.o)
                0x0000000020000dde                tmos_memcpy
 .highcode.tmos_memcpy_word
                0x0000000020000e1c       0x34 z:\_Arcade2\CH592EVT\CH592\BLE\LIB\libCH59xBLE.a(tmos.o)
                0x0000000020000e1c                tmos_memcpy_word
 .highcode.tmos_memset
                0x0000000020000e50       0x32 z:\_Arcade2\CH592EVT\CH592\BLE\LIB\libCH59xBLE.a(tmos.o)
                0x0000000020000e50                tmos_memset
 .highcode.tmos_strlen
                0x0000000020000e82       0x30 z:\_Arcade2\CH592EVT\CH592\BLE\LIB\libCH59xBLE.a(tmos.o)
                0x0000000020000e82                tmos_strlen
 .highcode.tmos_memcmp
                0x0000000020000eb2       0x4e z:\_Arcade2\CH592EVT\CH592\BLE\LIB\libCH59xBLE.a(tmos.o)
                0x0000000020000eb2                tmos_memcmp
 .highcode.tmos_revmemcpy
                0x0000000020000f00       0x38 z:\_Arcade2\CH592EVT\CH592\BLE\LIB\libCH59xBLE.a(tmos.o)
                0x0000000020000f00                tmos_revmemcpy
 .highcode.tmos_isbufset
                0x0000000020000f38       0x42 z:\_Arcade2\CH592EVT\CH592\BLE\LIB\libCH59xBLE.a(tmos.o)
                0x0000000020000f38                tmos_isbufset
 .highcode.tmos_proces_system_time
                0x0000000020000f7a      0x162 z:\_Arcade2\CH592EVT\CH592\BLE\LIB\libCH59xBLE.a(tmos.o)
 .highcode.ble_controller_func
                0x00000000200010dc       0x40 z:\_Arcade2\CH592EVT\CH592\BLE\LIB\libCH59xBLE.a(tmos.o)
                0x00000000200010dc                ble_controller_func
 .highcode.TMOS_SystemProcess
                0x000000002000111c      0x206 z:\_Arcade2\CH592EVT\CH592\BLE\LIB\libCH59xBLE.a(tmos.o)
                0x000000002000111c                TMOS_SystemProcess
 .highcode.clockGetHSEValue
                0x0000000020001322       0x36 z:\_Arcade2\CH592EVT\CH592\BLE\LIB\libCH59xBLE.a(tmos_hw.o)
 .highcode.LL_WhitelistLookup
                0x0000000020001358       0x4e z:\_Arcade2\CH592EVT\CH592\BLE\LIB\libCH59xBLE.a(ll_whitelist.o)
                0x0000000020001358                LL_WhitelistLookup
 *fill*         0x00000000200013a6        0x2 
 .highcode.ble_controller_scheduler
                0x00000000200013a8        0xa z:\_Arcade2\CH592EVT\CH592\BLE\LIB\libCH59xBLE.a(ble_task_process.o)
 *fill*         0x00000000200013b2        0x2 
 .highcode.LLE_IRQLibHandler
                0x00000000200013b4       0x3a z:\_Arcade2\CH592EVT\CH592\BLE\LIB\libCH59xBLE.a(ble_task_process.o)
                0x00000000200013b4                LLE_IRQLibHandler
 .highcode.BB_IRQLibHandler
                0x00000000200013ee      0x106 z:\_Arcade2\CH592EVT\CH592\BLE\LIB\libCH59xBLE.a(bb.o)
                0x00000000200013ee                BB_IRQLibHandler
 .highcode.BB_IRQLibFunction
                0x00000000200014f4        0x6 z:\_Arcade2\CH592EVT\CH592\BLE\LIB\libCH59xBLE.a(bb.o)
                0x00000000200014f4                BB_IRQLibFunction
 .highcode.lleIrqHandler
                0x00000000200014fa      0x196 z:\_Arcade2\CH592EVT\CH592\BLE\LIB\libCH59xBLE.a(ip.o)
 .highcode.ll_rx_wait_finish
                0x0000000020001690       0x3e z:\_Arcade2\CH592EVT\CH592\BLE\LIB\libCH59xBLE.a(ip.o)
                0x0000000020001690                ll_rx_wait_finish
 .highcode.ble_ll_chkcrc
                0x00000000200016ce       0x92 z:\_Arcade2\CH592EVT\CH592\BLE\LIB\libCH59xBLE.a(ip.o)
                0x00000000200016ce                ble_ll_chkcrc
 .highcode.ll_tx_wait_finish
                0x0000000020001760      0x15c z:\_Arcade2\CH592EVT\CH592\BLE\LIB\libCH59xBLE.a(ip.o)
                0x0000000020001760                ll_tx_wait_finish
 .highcode.LLE_IRQSubHandler
                0x00000000200018bc       0x24 z:\_Arcade2\CH592EVT\CH592\BLE\LIB\libCH59xBLE.a(lle.o)
                0x00000000200018bc                LLE_IRQSubHandler
 .highcode.RFEND_WaitTune
                0x00000000200018e0       0x3a z:\_Arcade2\CH592EVT\CH592\BLE\LIB\libCH59xBLE.a(rfend.o)
                0x00000000200018e0                RFEND_WaitTune
 .highcode.tmos_memory_allocate
                0x000000002000191a       0xf2 z:\_Arcade2\CH592EVT\CH592\BLE\LIB\libCH59xBLE.a(memory.o)
                0x000000002000191a                tmos_memory_allocate
 .highcode.tmos_memory_free
                0x0000000020001a0c      0x108 z:\_Arcade2\CH592EVT\CH592\BLE\LIB\libCH59xBLE.a(memory.o)
                0x0000000020001a0c                tmos_memory_free
 .highcode.ll_connect_send_data
                0x0000000020001b14      0x132 z:\_Arcade2\CH592EVT\CH592\BLE\LIB\libCH59xBLE.a(ll_connect.o)
                0x0000000020001b14                ll_connect_send_data
 .highcode.ll_connect_recv_data
                0x0000000020001c46       0xe0 z:\_Arcade2\CH592EVT\CH592\BLE\LIB\libCH59xBLE.a(ll_connect.o)
                0x0000000020001c46                ll_connect_recv_data
 .highcode.ll_connect_event_continue
                0x0000000020001d26       0xca z:\_Arcade2\CH592EVT\CH592\BLE\LIB\libCH59xBLE.a(ll_connect.o)
                0x0000000020001d26                ll_connect_event_continue
 .highcode.ll_wait_connect_event
                0x0000000020001df0       0x14 z:\_Arcade2\CH592EVT\CH592\BLE\LIB\libCH59xBLE.a(ll_connect.o)
                0x0000000020001df0                ll_wait_connect_event
 .highcode.ll_get_connect_anchorPoint
                0x0000000020001e04      0x2f0 z:\_Arcade2\CH592EVT\CH592\BLE\LIB\libCH59xBLE.a(ll_connect.o)
                0x0000000020001e04                ll_get_connect_anchorPoint
 .highcode.ll_process_connect_event
                0x00000000200020f4       0x58 z:\_Arcade2\CH592EVT\CH592\BLE\LIB\libCH59xBLE.a(ll_connect.o)
                0x00000000200020f4                ll_process_connect_event
 .highcode.LL_HopGetChannel
                0x000000002000214c       0xa6 z:\_Arcade2\CH592EVT\CH592\BLE\LIB\libCH59xBLE.a(ll_hop.o)
                0x000000002000214c                LL_HopGetChannel
 .highcode.LL_HopGetChannel2
                0x00000000200021f2      0x26a z:\_Arcade2\CH592EVT\CH592\BLE\LIB\libCH59xBLE.a(ll_hop.o)
                0x00000000200021f2                LL_HopGetChannel2
 .highcode.LL_ResolvinglistPeerIdentifyAddressGetIrk
                0x000000002000245c       0x54 z:\_Arcade2\CH592EVT\CH592\BLE\LIB\libCH59xBLE.a(ll_resolvinglist.o)
                0x000000002000245c                LL_ResolvinglistPeerIdentifyAddressGetIrk
 .highcode.LL_ResolvinglistPeerRpaAddressGetIrk
                0x00000000200024b0       0x42 z:\_Arcade2\CH592EVT\CH592\BLE\LIB\libCH59xBLE.a(ll_resolvinglist.o)
                0x00000000200024b0                LL_ResolvinglistPeerRpaAddressGetIrk
                0x00000000200024f4                . = ALIGN (0x4)
 *fill*         0x00000000200024f2        0x2 
                0x00000000200024f4                PROVIDE (_highcode_vma_end = .)

.text           0x00000000000024f8    0x27050
                0x00000000000024f8                . = ALIGN (0x4)
 *(SORT_NONE(.handle_reset))
 .handle_reset  0x00000000000024f8       0xae ./Startup/startup_CH592.o
                0x00000000000024f8                handle_reset
 *(.text)
 .text          0x00000000000025a6       0xa8 c:/mounriver/mounriver_studio2/resources/app/resources/win32/components/wch/toolchain/risc-v embedded gcc/bin/../lib/gcc/riscv-none-embed/8.2.0/../../../../riscv-none-embed/lib/rv32imac/ilp32\libg_nano.a(lib_a-memset.o)
                0x00000000000025a6                memset
 *(.text.*)
 .text.ADC_DataCalib_Rough
                0x000000000000264e       0x92 ./StdPeriphDriver/CH59x_adc.o
                0x000000000000264e                ADC_DataCalib_Rough
 .text.ADC_ExtSingleChSampInit
                0x00000000000026e0       0x3c ./StdPeriphDriver/CH59x_adc.o
                0x00000000000026e0                ADC_ExtSingleChSampInit
 .text.ADC_InterTSSampInit
                0x000000000000271c       0x34 ./StdPeriphDriver/CH59x_adc.o
                0x000000000000271c                ADC_InterTSSampInit
 .text.ADC_ExcutSingleConver
                0x0000000000002750       0x22 ./StdPeriphDriver/CH59x_adc.o
                0x0000000000002750                ADC_ExcutSingleConver
 .text.LSECFG_Current
                0x0000000000002772       0x4e ./StdPeriphDriver/CH59x_clk.o
                0x0000000000002772                LSECFG_Current
 .text.RTC_InitTime
                0x00000000000027c0      0x1d0 ./StdPeriphDriver/CH59x_clk.o
                0x00000000000027c0                RTC_InitTime
 .text.Calibration_LSI
                0x0000000000002990      0x8a2 ./StdPeriphDriver/CH59x_clk.o
                0x0000000000002990                Calibration_LSI
 .text.GET_UNIQUE_ID
                0x0000000000003232       0x5a ./StdPeriphDriver/CH59x_flash.o
                0x0000000000003232                GET_UNIQUE_ID
 .text.GPIOA_ModeCfg
                0x000000000000328c       0xa6 ./StdPeriphDriver/CH59x_gpio.o
                0x000000000000328c                GPIOA_ModeCfg
 .text.GPIOB_ModeCfg
                0x0000000000003332       0xa6 ./StdPeriphDriver/CH59x_gpio.o
                0x0000000000003332                GPIOB_ModeCfg
 .text.GPIOA_ITModeCfg
                0x00000000000033d8       0x82 ./StdPeriphDriver/CH59x_gpio.o
                0x00000000000033d8                GPIOA_ITModeCfg
 .text.PWR_DCDCCfg
                0x000000000000345a      0x122 ./StdPeriphDriver/CH59x_pwr.o
                0x000000000000345a                PWR_DCDCCfg
 .text.PWR_PeriphWakeUpCfg
                0x000000000000357c      0x122 ./StdPeriphDriver/CH59x_pwr.o
                0x000000000000357c                PWR_PeriphWakeUpCfg
 .text.GetSysClock
                0x000000000000369e       0x40 ./StdPeriphDriver/CH59x_sys.o
                0x000000000000369e                GetSysClock
 .text.SYS_DisableAllIrq
                0x00000000000036de       0x20 ./StdPeriphDriver/CH59x_sys.o
                0x00000000000036de                SYS_DisableAllIrq
 .text.SYS_RecoverIrq
                0x00000000000036fe       0x14 ./StdPeriphDriver/CH59x_sys.o
                0x00000000000036fe                SYS_RecoverIrq
 .text.SYS_GetSysTickCnt
                0x0000000000003712        0xa ./StdPeriphDriver/CH59x_sys.o
                0x0000000000003712                SYS_GetSysTickCnt
 .text._write   0x000000000000371c       0x28 ./StdPeriphDriver/CH59x_sys.o
                0x000000000000371c                _write
 .text._sbrk    0x0000000000003744       0x34 ./StdPeriphDriver/CH59x_sys.o
                0x0000000000003744                _sbrk
 .text.UART1_BaudRateCfg
                0x0000000000003778       0x30 ./StdPeriphDriver/CH59x_uart1.o
                0x0000000000003778                UART1_BaudRateCfg
 .text.UART1_DefInit
                0x00000000000037a8       0x32 ./StdPeriphDriver/CH59x_uart1.o
                0x00000000000037a8                UART1_DefInit
 .text.battMeasure
                0x00000000000037da       0x7e ./Profile/battservice.o
 .text.battWriteAttrCB
                0x0000000000003858       0x5e ./Profile/battservice.o
 .text.battReadAttrCB
                0x00000000000038b6       0x72 ./Profile/battservice.o
 .text.battNotifyCB
                0x0000000000003928       0x72 ./Profile/battservice.o
 .text.Batt_AddService
                0x000000000000399a       0x2c ./Profile/battservice.o
                0x000000000000399a                Batt_AddService
 .text.Batt_Register
                0x00000000000039c6        0x6 ./Profile/battservice.o
                0x00000000000039c6                Batt_Register
 .text.Batt_SetParameter
                0x00000000000039cc       0x36 ./Profile/battservice.o
                0x00000000000039cc                Batt_SetParameter
 .text.Batt_GetParameter
                0x0000000000003a02       0x66 ./Profile/battservice.o
                0x0000000000003a02                Batt_GetParameter
 .text.Batt_MeasLevel
                0x0000000000003a68       0x26 ./Profile/battservice.o
                0x0000000000003a68                Batt_MeasLevel
 .text.Batt_HandleConnStatusCB
                0x0000000000003a8e       0x3e ./Profile/battservice.o
                0x0000000000003a8e                Batt_HandleConnStatusCB
 .text.devInfo_ReadAttrCB
                0x0000000000003acc      0x196 ./Profile/devinfoservice.o
 .text.DevInfo_AddService
                0x0000000000003c62       0x18 ./Profile/devinfoservice.o
                0x0000000000003c62                DevInfo_AddService
 .text.hidDevScanParamCB
                0x0000000000003c7a        0x2 ./Profile/hiddev.o
 .text.hidDevRptByHandle
                0x0000000000003c7c       0x30 ./Profile/hiddev.o
 .text.hidDevParamUpdateCB
                0x0000000000003cac       0x12 ./Profile/hiddev.o
 .text.hidDevInitialAdvertising
                0x0000000000003cbe       0x3c ./Profile/hiddev.o
 .text.hidDevBattCB
                0x0000000000003cfa       0x28 ./Profile/hiddev.o
 .text.hidDevPairStateCB
                0x0000000000003d22       0x28 ./Profile/hiddev.o
 .text.hidDevPasscodeCB
                0x0000000000003d4a       0x34 ./Profile/hiddev.o
 .text.HidDev_ProcessEvent
                0x0000000000003d7e       0xe8 ./Profile/hiddev.o
                0x0000000000003d7e                HidDev_ProcessEvent
 .text.hidDevGapStateCB
                0x0000000000003e66      0x124 ./Profile/hiddev.o
 .text.HidDev_Init
                0x0000000000003f8a       0x66 ./Profile/hiddev.o
                0x0000000000003f8a                HidDev_Init
 .text.HidDev_Register
                0x0000000000003ff0        0xa ./Profile/hiddev.o
                0x0000000000003ff0                HidDev_Register
 .text.HidDev_RegisterReports
                0x0000000000003ffa        0xa ./Profile/hiddev.o
                0x0000000000003ffa                HidDev_RegisterReports
 .text.HidDev_Report
                0x0000000000004004      0x12c ./Profile/hiddev.o
                0x0000000000004004                HidDev_Report
 .text.HidDev_ReadAttrCB
                0x0000000000004130      0x104 ./Profile/hiddev.o
                0x0000000000004130                HidDev_ReadAttrCB
 .text.HidDev_WriteAttrCB
                0x0000000000004234      0x146 ./Profile/hiddev.o
                0x0000000000004234                HidDev_WriteAttrCB
 .text.Hid_AddService
                0x000000000000437a      0x108 ./Profile/hidkbdservice.o
                0x000000000000437a                Hid_AddService
 .text.Hid_SetParameter
                0x0000000000004482       0x5a ./Profile/hidkbdservice.o
                0x0000000000004482                Hid_SetParameter
 .text.Hid_GetParameter
                0x00000000000044dc       0x42 ./Profile/hidkbdservice.o
                0x00000000000044dc                Hid_GetParameter
 .text.scanParamReadAttrCB
                0x000000000000451e        0x4 ./Profile/scanparamservice.o
 .text.scanParamWriteAttrCB
                0x0000000000004522       0x66 ./Profile/scanparamservice.o
 .text.ScanParam_AddService
                0x0000000000004588       0x2c ./Profile/scanparamservice.o
                0x0000000000004588                ScanParam_AddService
 .text.ScanParam_Register
                0x00000000000045b4        0x6 ./Profile/scanparamservice.o
                0x00000000000045b4                ScanParam_Register
 .text.ScanParam_RefreshNotify
                0x00000000000045ba       0x5c ./Profile/scanparamservice.o
                0x00000000000045ba                ScanParam_RefreshNotify
 .text.ScanParam_HandleConnStatusCB
                0x0000000000004616       0x3e ./Profile/scanparamservice.o
                0x0000000000004616                ScanParam_HandleConnStatusCB
 .text.Lib_Calibration_LSI
                0x0000000000004654        0x6 ./HAL/MCU.o
                0x0000000000004654                Lib_Calibration_LSI
 .text.Lib_Read_Flash
                0x000000000000465a       0x1c ./HAL/MCU.o
                0x000000000000465a                Lib_Read_Flash
 .text.HAL_GetInterTempValue
                0x0000000000004676       0x72 ./HAL/MCU.o
                0x0000000000004676                HAL_GetInterTempValue
 .text.HAL_ProcessEvent
                0x00000000000046e8       0x88 ./HAL/MCU.o
                0x00000000000046e8                HAL_ProcessEvent
 .text.Lib_Write_Flash_592A
                0x0000000000004770       0x84 ./HAL/MCU.o
                0x0000000000004770                Lib_Write_Flash_592A
 .text.Lib_Write_Flash
                0x00000000000047f4       0x52 ./HAL/MCU.o
                0x00000000000047f4                Lib_Write_Flash
 .text.CH59x_BLEInit
                0x0000000000004846      0x18c ./HAL/MCU.o
                0x0000000000004846                CH59x_BLEInit
 .text.HAL_Init
                0x00000000000049d2       0x30 ./HAL/MCU.o
                0x00000000000049d2                HAL_Init
 .text.HAL_TimeInit
                0x0000000000004a02       0xca ./HAL/RTC.o
                0x0000000000004a02                HAL_TimeInit
 .text.dip_map_load_to_cache
                0x0000000000004acc       0x16 ./APP/getId.o
 .text.dip_map_validate
                0x0000000000004ae2       0x2e ./APP/getId.o
 .text.GetChipUID
                0x0000000000004b10       0x5a ./APP/getId.o
                0x0000000000004b10                GetChipUID
 .text.getDIPValue
                0x0000000000004b6a       0x36 ./APP/getId.o
                0x0000000000004b6a                getDIPValue
 .text.getDIPKeyMap
                0x0000000000004ba0       0x30 ./APP/getId.o
                0x0000000000004ba0                getDIPKeyMap
 .text.SaveDipMapToFlash
                0x0000000000004bd0      0x246 ./APP/getId.o
                0x0000000000004bd0                SaveDipMapToFlash
 .text.dip_map_init
                0x0000000000004e16       0x8c ./APP/getId.o
                0x0000000000004e16                dip_map_init
 .text.hidEmuEvtCB
                0x0000000000004ea2        0x2 ./APP/hidkbd.o
 .text.hidEmuStateCB
                0x0000000000004ea4      0x162 ./APP/hidkbd.o
 .text.ADC_Sample
                0x0000000000005006       0xb2 ./APP/hidkbd.o
 .text.hidEmuSendKey
                0x00000000000050b8       0x28 ./APP/hidkbd.o
 .text.hidEmuRptCB
                0x00000000000050e0       0x70 ./APP/hidkbd.o
 .text.HidEmu_ProcessEvent
                0x0000000000005150      0x3ce ./APP/hidkbd.o
                0x0000000000005150                HidEmu_ProcessEvent
 .text.HidEmu_Init
                0x000000000000551e      0x408 ./APP/hidkbd.o
                0x000000000000551e                HidEmu_Init
 .text.startup.main
                0x0000000000005926      0x1fe ./APP/hidkbd_main.o
                0x0000000000005926                main
 .text.hidKbd_AddKeyToReport.constprop.1
                0x0000000000005b24       0x38 ./APP/hidkbd_usb.o
 .text.HidKbd_MainInit
                0x0000000000005b5c       0x1a ./APP/hidkbd_usb.o
                0x0000000000005b5c                HidKbd_MainInit
 .text.HidKbd_MainProcess
                0x0000000000005b76       0xc6 ./APP/hidkbd_usb.o
                0x0000000000005b76                HidKbd_MainProcess
 .text.UsbHid_ResetState
                0x0000000000005c3c       0x4a ./APP/usb_hid.o
 .text.UsbHid_BuildStringDesc.part.0.constprop.2
                0x0000000000005c86       0x42 ./APP/usb_hid.o
 .text.UsbHid_IsConfigured
                0x0000000000005cc8        0x6 ./APP/usb_hid.o
                0x0000000000005cc8                UsbHid_IsConfigured
 .text.DevEP1_IN_Deal
                0x0000000000005cce       0x16 ./APP/usb_hid.o
                0x0000000000005cce                DevEP1_IN_Deal
 .text.UsbHid_SendKeyboardReport
                0x0000000000005ce4       0x9e ./APP/usb_hid.o
                0x0000000000005ce4                UsbHid_SendKeyboardReport
 .text.USB_DevTransProcess
                0x0000000000005d82      0x8d6 ./APP/usb_hid.o
                0x0000000000005d82                USB_DevTransProcess
 .text.USB_DeviceInit
                0x0000000000006658       0x7e ./APP/usb_hid.o
                0x0000000000006658                USB_DeviceInit
 .text.UsbHid_Init
                0x00000000000066d6       0x50 ./APP/usb_hid.o
                0x00000000000066d6                UsbHid_Init
 .text.UsbHid_GetConnected
                0x0000000000006726        0x6 ./APP/usb_hid.o
                0x0000000000006726                UsbHid_GetConnected
 .text.tmos_msg_enqueue
                0x000000000000672c       0x1e z:\_Arcade2\CH592EVT\CH592\BLE\LIB\libCH59xBLE.a(message.o)
                0x000000000000672c                tmos_msg_enqueue
 .text.tmos_msg_extract
                0x000000000000674a       0x1e z:\_Arcade2\CH592EVT\CH592\BLE\LIB\libCH59xBLE.a(message.o)
                0x000000000000674a                tmos_msg_extract
 .text.tmos_msg_deallocate
                0x0000000000006768       0x52 z:\_Arcade2\CH592EVT\CH592\BLE\LIB\libCH59xBLE.a(message.o)
                0x0000000000006768                tmos_msg_deallocate
 .text.tmos_msg_allocate
                0x00000000000067ba       0x70 z:\_Arcade2\CH592EVT\CH592\BLE\LIB\libCH59xBLE.a(message.o)
                0x00000000000067ba                tmos_msg_allocate
 .text.tmos_msg_receive
                0x000000000000682a       0x86 z:\_Arcade2\CH592EVT\CH592\BLE\LIB\libCH59xBLE.a(message.o)
                0x000000000000682a                tmos_msg_receive
 .text.tmos_msg_send
                0x00000000000068b0       0x92 z:\_Arcade2\CH592EVT\CH592\BLE\LIB\libCH59xBLE.a(message.o)
                0x00000000000068b0                tmos_msg_send
 .text.tmos_msg_init
                0x0000000000006942        0xa z:\_Arcade2\CH592EVT\CH592\BLE\LIB\libCH59xBLE.a(message.o)
                0x0000000000006942                tmos_msg_init
 .text.tmosFindTask
                0x000000000000694c       0x24 z:\_Arcade2\CH592EVT\CH592\BLE\LIB\libCH59xBLE.a(tmos.o)
 .text.TMOS_CB_ProcessEvent
                0x0000000000006970       0x64 z:\_Arcade2\CH592EVT\CH592\BLE\LIB\libCH59xBLE.a(tmos.o)
                0x0000000000006970                TMOS_CB_ProcessEvent
 .text.TMOS_CB_PeriodicProcessEvent
                0x00000000000069d4       0x86 z:\_Arcade2\CH592EVT\CH592\BLE\LIB\libCH59xBLE.a(tmos.o)
                0x00000000000069d4                TMOS_CB_PeriodicProcessEvent
 .text.tmos_rand
                0x0000000000006a5a       0x72 z:\_Arcade2\CH592EVT\CH592\BLE\LIB\libCH59xBLE.a(tmos.o)
                0x0000000000006a5a                tmos_rand
 .text.tmos_memdup
                0x0000000000006acc       0x5c z:\_Arcade2\CH592EVT\CH592\BLE\LIB\libCH59xBLE.a(tmos.o)
                0x0000000000006acc                tmos_memdup
 .text.tmos_start_periodic_callback_task
                0x0000000000006b28      0x120 z:\_Arcade2\CH592EVT\CH592\BLE\LIB\libCH59xBLE.a(tmos.o)
                0x0000000000006b28                tmos_start_periodic_callback_task
 .text.tmos_set_event
                0x0000000000006c48       0x4a z:\_Arcade2\CH592EVT\CH592\BLE\LIB\libCH59xBLE.a(tmos.o)
                0x0000000000006c48                tmos_set_event
 .text.tmos_clear_event
                0x0000000000006c92       0x4e z:\_Arcade2\CH592EVT\CH592\BLE\LIB\libCH59xBLE.a(tmos.o)
                0x0000000000006c92                tmos_clear_event
 .text.tmos_update_callback_timer
                0x0000000000006ce0       0xe4 z:\_Arcade2\CH592EVT\CH592\BLE\LIB\libCH59xBLE.a(tmos.o)
                0x0000000000006ce0                tmos_update_callback_timer
 .text.tmos_update_periodic_callback_timer
                0x0000000000006dc4       0x82 z:\_Arcade2\CH592EVT\CH592\BLE\LIB\libCH59xBLE.a(tmos.o)
                0x0000000000006dc4                tmos_update_periodic_callback_timer
 .text.tmos_start_task
                0x0000000000006e46      0x16a z:\_Arcade2\CH592EVT\CH592\BLE\LIB\libCH59xBLE.a(tmos.o)
                0x0000000000006e46                tmos_start_task
 .text.tmos_start_callback_task
                0x0000000000006fb0       0xc8 z:\_Arcade2\CH592EVT\CH592\BLE\LIB\libCH59xBLE.a(tmos.o)
                0x0000000000006fb0                tmos_start_callback_task
 .text.tmos_start_reload_task
                0x0000000000007078       0x78 z:\_Arcade2\CH592EVT\CH592\BLE\LIB\libCH59xBLE.a(tmos.o)
                0x0000000000007078                tmos_start_reload_task
 .text.tmos_stop_task
                0x00000000000070f0       0x76 z:\_Arcade2\CH592EVT\CH592\BLE\LIB\libCH59xBLE.a(tmos.o)
                0x00000000000070f0                tmos_stop_task
 .text.tmos_stop_callback_task
                0x0000000000007166       0x82 z:\_Arcade2\CH592EVT\CH592\BLE\LIB\libCH59xBLE.a(tmos.o)
                0x0000000000007166                tmos_stop_callback_task
 .text.tmos_get_task_timer
                0x00000000000071e8       0x82 z:\_Arcade2\CH592EVT\CH592\BLE\LIB\libCH59xBLE.a(tmos.o)
                0x00000000000071e8                tmos_get_task_timer
 .text.tmos_proces_idle
                0x000000000000726a       0xc6 z:\_Arcade2\CH592EVT\CH592\BLE\LIB\libCH59xBLE.a(tmos.o)
                0x000000000000726a                tmos_proces_idle
 .text.TMOS_TimerRegister
                0x0000000000007330       0x1e z:\_Arcade2\CH592EVT\CH592\BLE\LIB\libCH59xBLE.a(tmos.o)
                0x0000000000007330                TMOS_TimerRegister
 .text.TMOS_ProcessRegister
                0x000000000000734e       0x16 z:\_Arcade2\CH592EVT\CH592\BLE\LIB\libCH59xBLE.a(tmos.o)
                0x000000000000734e                TMOS_ProcessRegister
 .text.TMOS_SysRegister
                0x0000000000007364       0x16 z:\_Arcade2\CH592EVT\CH592\BLE\LIB\libCH59xBLE.a(tmos.o)
                0x0000000000007364                TMOS_SysRegister
 .text.TMOS_Init
                0x000000000000737a      0x140 z:\_Arcade2\CH592EVT\CH592\BLE\LIB\libCH59xBLE.a(tmos.o)
                0x000000000000737a                TMOS_Init
 .text.TMOS_ProcessEventRegister
                0x00000000000074ba       0x3c z:\_Arcade2\CH592EVT\CH592\BLE\LIB\libCH59xBLE.a(tmos.o)
                0x00000000000074ba                TMOS_ProcessEventRegister
 .text.BLE_LibInit
                0x00000000000074f6      0x172 z:\_Arcade2\CH592EVT\CH592\BLE\LIB\libCH59xBLE.a(tmos.o)
                0x00000000000074f6                BLE_LibInit
 .text.clockGetTickValve
                0x0000000000007668       0x7e z:\_Arcade2\CH592EVT\CH592\BLE\LIB\libCH59xBLE.a(tmos_hw.o)
 .text.ll_get_sca_divisor
                0x00000000000076e6       0x40 z:\_Arcade2\CH592EVT\CH592\BLE\LIB\libCH59xBLE.a(tmos_hw.o)
                0x00000000000076e6                ll_get_sca_divisor
 .text.ll_get_sca_own
                0x0000000000007726       0x46 z:\_Arcade2\CH592EVT\CH592\BLE\LIB\libCH59xBLE.a(tmos_hw.o)
                0x0000000000007726                ll_get_sca_own
 .text.ble_ll_common_rand8
                0x000000000000776c       0x24 z:\_Arcade2\CH592EVT\CH592\BLE\LIB\libCH59xBLE.a(tmos_hw.o)
                0x000000000000776c                ble_ll_common_rand8
 .text.ble_ll_common_rand16
                0x0000000000007790       0x24 z:\_Arcade2\CH592EVT\CH592\BLE\LIB\libCH59xBLE.a(tmos_hw.o)
                0x0000000000007790                ble_ll_common_rand16
 .text.ble_ll_common_rand32
                0x00000000000077b4       0x20 z:\_Arcade2\CH592EVT\CH592\BLE\LIB\libCH59xBLE.a(tmos_hw.o)
                0x00000000000077b4                ble_ll_common_rand32
 .text.TMOS_TempSample
                0x00000000000077d4       0x62 z:\_Arcade2\CH592EVT\CH592\BLE\LIB\libCH59xBLE.a(tmos_hw.o)
                0x00000000000077d4                TMOS_TempSample
 .text.TMOS_TimerInit
                0x0000000000007836      0x106 z:\_Arcade2\CH592EVT\CH592\BLE\LIB\libCH59xBLE.a(tmos_hw.o)
                0x0000000000007836                TMOS_TimerInit
 .text.tmos_snv_init
                0x000000000000793c       0xc0 z:\_Arcade2\CH592EVT\CH592\BLE\LIB\libCH59xBLE.a(tmos_snv.o)
                0x000000000000793c                tmos_snv_init
 .text.tmos_snv_read
                0x00000000000079fc      0x294 z:\_Arcade2\CH592EVT\CH592\BLE\LIB\libCH59xBLE.a(tmos_snv.o)
                0x00000000000079fc                tmos_snv_read
 .text.tmos_snv_notify
                0x0000000000007c90       0x5a z:\_Arcade2\CH592EVT\CH592\BLE\LIB\libCH59xBLE.a(tmos_snv.o)
                0x0000000000007c90                tmos_snv_notify
 .text.tmos_snv_write
                0x0000000000007cea      0x2d2 z:\_Arcade2\CH592EVT\CH592\BLE\LIB\libCH59xBLE.a(tmos_snv.o)
                0x0000000000007cea                tmos_snv_write
 .text.tmos_snv_compact
                0x0000000000007fbc        0x4 z:\_Arcade2\CH592EVT\CH592\BLE\LIB\libCH59xBLE.a(tmos_snv.o)
                0x0000000000007fbc                tmos_snv_compact
 .text.disconnectNext
                0x0000000000007fc0       0x22 z:\_Arcade2\CH592EVT\CH592\BLE\LIB\libCH59xBLE.a(gap.o)
 .text.GAP_ParamInit
                0x0000000000007fe2      0x164 z:\_Arcade2\CH592EVT\CH592\BLE\LIB\libCH59xBLE.a(gap.o)
                0x0000000000007fe2                GAP_ParamInit
 .text.sendTerminateEvent
                0x0000000000008146       0x58 z:\_Arcade2\CH592EVT\CH592\BLE\LIB\libCH59xBLE.a(gap.o)
                0x0000000000008146                sendTerminateEvent
 .text.gapRegisterCentral
                0x000000000000819e        0x6 z:\_Arcade2\CH592EVT\CH592\BLE\LIB\libCH59xBLE.a(gap.o)
                0x000000000000819e                gapRegisterCentral
 .text.gapRegisterCentralConn
                0x00000000000081a4        0x6 z:\_Arcade2\CH592EVT\CH592\BLE\LIB\libCH59xBLE.a(gap.o)
                0x00000000000081a4                gapRegisterCentralConn
 .text.gapRegisterPeripheral
                0x00000000000081aa        0x6 z:\_Arcade2\CH592EVT\CH592\BLE\LIB\libCH59xBLE.a(gap.o)
                0x00000000000081aa                gapRegisterPeripheral
 .text.gapRegisterPeripheralConn
                0x00000000000081b0        0x6 z:\_Arcade2\CH592EVT\CH592\BLE\LIB\libCH59xBLE.a(gap.o)
                0x00000000000081b0                gapRegisterPeripheralConn
 .text.smGenerateRandBuf
                0x00000000000081b6       0x56 z:\_Arcade2\CH592EVT\CH592\BLE\LIB\libCH59xBLE.a(gap.o)
                0x00000000000081b6                smGenerateRandBuf
 .text.gapL2capConnParamUpdateReq
                0x000000000000820c       0x36 z:\_Arcade2\CH592EVT\CH592\BLE\LIB\libCH59xBLE.a(gap.o)
                0x000000000000820c                gapL2capConnParamUpdateReq
 .text.gapValidADType
                0x0000000000008242       0x16 z:\_Arcade2\CH592EVT\CH592\BLE\LIB\libCH59xBLE.a(gap.o)
                0x0000000000008242                gapValidADType
 .text.gapFindADType
                0x0000000000008258       0x92 z:\_Arcade2\CH592EVT\CH592\BLE\LIB\libCH59xBLE.a(gap.o)
                0x0000000000008258                gapFindADType
 .text.GAP_SecParamsInit
                0x00000000000082ea       0xaa z:\_Arcade2\CH592EVT\CH592\BLE\LIB\libCH59xBLE.a(gap.o)
                0x00000000000082ea                GAP_SecParamsInit
 .text.GAP_ParamsInit
                0x0000000000008394       0x50 z:\_Arcade2\CH592EVT\CH592\BLE\LIB\libCH59xBLE.a(gap.o)
                0x0000000000008394                GAP_ParamsInit
 .text.gapAddAddrAdj
                0x00000000000083e4       0x48 z:\_Arcade2\CH592EVT\CH592\BLE\LIB\libCH59xBLE.a(gap.o)
                0x00000000000083e4                gapAddAddrAdj
 .text.gapDetermineAddrType
                0x000000000000842c       0x28 z:\_Arcade2\CH592EVT\CH592\BLE\LIB\libCH59xBLE.a(gap.o)
                0x000000000000842c                gapDetermineAddrType
 .text.gapFreeAuthLink
                0x0000000000008454       0x4a z:\_Arcade2\CH592EVT\CH592\BLE\LIB\libCH59xBLE.a(gap.o)
                0x0000000000008454                gapFreeAuthLink
 .text.gapGetDevAddress
                0x000000000000849e       0x24 z:\_Arcade2\CH592EVT\CH592\BLE\LIB\libCH59xBLE.a(gap.o)
                0x000000000000849e                gapGetDevAddress
 .text.gapGetDevAddressMode
                0x00000000000084c2        0xa z:\_Arcade2\CH592EVT\CH592\BLE\LIB\libCH59xBLE.a(gap.o)
                0x00000000000084c2                gapGetDevAddressMode
 .text.gapGetIRK
                0x00000000000084cc        0xc z:\_Arcade2\CH592EVT\CH592\BLE\LIB\libCH59xBLE.a(gap.o)
                0x00000000000084cc                gapGetIRK
 .text.gapGetSRK
                0x00000000000084d8        0xc z:\_Arcade2\CH592EVT\CH592\BLE\LIB\libCH59xBLE.a(gap.o)
                0x00000000000084d8                gapGetSRK
 .text.gapGetSignCounter
                0x00000000000084e4        0xe z:\_Arcade2\CH592EVT\CH592\BLE\LIB\libCH59xBLE.a(gap.o)
                0x00000000000084e4                gapGetSignCounter
 .text.gapIncSignCounter
                0x00000000000084f2       0x28 z:\_Arcade2\CH592EVT\CH592\BLE\LIB\libCH59xBLE.a(gap.o)
                0x00000000000084f2                gapIncSignCounter
 .text.gapProcessConnEvt
                0x000000000000851a       0x48 z:\_Arcade2\CH592EVT\CH592\BLE\LIB\libCH59xBLE.a(gap.o)
                0x000000000000851a                gapProcessConnEvt
 .text.gapProcessDisconnectCompleteEvt
                0x0000000000008562       0xa8 z:\_Arcade2\CH592EVT\CH592\BLE\LIB\libCH59xBLE.a(gap.o)
                0x0000000000008562                gapProcessDisconnectCompleteEvt
 .text.sendAuthEvent
                0x000000000000860a      0x120 z:\_Arcade2\CH592EVT\CH592\BLE\LIB\libCH59xBLE.a(gap.o)
                0x000000000000860a                sendAuthEvent
 .text.gapSendBondCompleteEvent
                0x000000000000872a       0x74 z:\_Arcade2\CH592EVT\CH592\BLE\LIB\libCH59xBLE.a(gap.o)
                0x000000000000872a                gapSendBondCompleteEvent
 .text.gapSendPairingReqEvent
                0x000000000000879e       0x96 z:\_Arcade2\CH592EVT\CH592\BLE\LIB\libCH59xBLE.a(gap.o)
                0x000000000000879e                gapSendPairingReqEvent
 .text.gapSendSlaveSecurityReqEvent
                0x0000000000008834       0x68 z:\_Arcade2\CH592EVT\CH592\BLE\LIB\libCH59xBLE.a(gap.o)
                0x0000000000008834                gapSendSlaveSecurityReqEvent
 .text.gapSendDeviceInitDoneEvent
                0x000000000000889c       0x88 z:\_Arcade2\CH592EVT\CH592\BLE\LIB\libCH59xBLE.a(gap.o)
                0x000000000000889c                gapSendDeviceInitDoneEvent
 .text.gapSendLinkUpdateEvent
                0x0000000000008924       0xb2 z:\_Arcade2\CH592EVT\CH592\BLE\LIB\libCH59xBLE.a(gap.o)
                0x0000000000008924                gapSendLinkUpdateEvent
 .text.gapSendPhyUpdateEvent
                0x00000000000089d6       0x58 z:\_Arcade2\CH592EVT\CH592\BLE\LIB\libCH59xBLE.a(gap.o)
                0x00000000000089d6                gapSendPhyUpdateEvent
 .text.gapSendEstLinkEvent
                0x0000000000008a2e       0xbc z:\_Arcade2\CH592EVT\CH592\BLE\LIB\libCH59xBLE.a(gap.o)
                0x0000000000008a2e                gapSendEstLinkEvent
 .text.gapProcessNewAddr
                0x0000000000008aea       0x3e z:\_Arcade2\CH592EVT\CH592\BLE\LIB\libCH59xBLE.a(gap.o)
                0x0000000000008aea                gapProcessNewAddr
 .text.gapProcessRandomAddrComplete
                0x0000000000008b28       0xb6 z:\_Arcade2\CH592EVT\CH592\BLE\LIB\libCH59xBLE.a(gap.o)
                0x0000000000008b28                gapProcessRandomAddrComplete
 .text.GAP_Authenticate
                0x0000000000008bde       0xde z:\_Arcade2\CH592EVT\CH592\BLE\LIB\libCH59xBLE.a(gap.o)
                0x0000000000008bde                GAP_Authenticate
 .text.GAP_Bond
                0x0000000000008cbc       0xa6 z:\_Arcade2\CH592EVT\CH592\BLE\LIB\libCH59xBLE.a(gap.o)
                0x0000000000008cbc                GAP_Bond
 .text.GAP_GetParamValue
                0x0000000000008d62       0x20 z:\_Arcade2\CH592EVT\CH592\BLE\LIB\libCH59xBLE.a(gap.o)
                0x0000000000008d62                GAP_GetParamValue
 .text.GAP_PasscodeUpdate
                0x0000000000008d82       0x54 z:\_Arcade2\CH592EVT\CH592\BLE\LIB\libCH59xBLE.a(gap.o)
                0x0000000000008d82                GAP_PasscodeUpdate
 .text.GAP_RegisterForMsgs
                0x0000000000008dd6        0xa z:\_Arcade2\CH592EVT\CH592\BLE\LIB\libCH59xBLE.a(gap.o)
                0x0000000000008dd6                GAP_RegisterForMsgs
 .text.GAP_ResolvePrivateAddr
                0x0000000000008de0        0x4 z:\_Arcade2\CH592EVT\CH592\BLE\LIB\libCH59xBLE.a(gap.o)
                0x0000000000008de0                GAP_ResolvePrivateAddr
 .text.gapPairingCompleteCB
                0x0000000000008de4      0x188 z:\_Arcade2\CH592EVT\CH592\BLE\LIB\libCH59xBLE.a(gap.o)
                0x0000000000008de4                gapPairingCompleteCB
 .text.gapPasskeyNeededCB
                0x0000000000008f6c       0x8e z:\_Arcade2\CH592EVT\CH592\BLE\LIB\libCH59xBLE.a(gap.o)
                0x0000000000008f6c                gapPasskeyNeededCB
 .text.gapOobNeededCB
                0x0000000000008ffa       0xa6 z:\_Arcade2\CH592EVT\CH592\BLE\LIB\libCH59xBLE.a(gap.o)
                0x0000000000008ffa                gapOobNeededCB
 .text.gapFreeEstLink
                0x00000000000090a0       0x20 z:\_Arcade2\CH592EVT\CH592\BLE\LIB\libCH59xBLE.a(gap.o)
                0x00000000000090a0                gapFreeEstLink
 .text.gapUpdateConnSignCounter
                0x00000000000090c0       0x7a z:\_Arcade2\CH592EVT\CH592\BLE\LIB\libCH59xBLE.a(gap.o)
                0x00000000000090c0                gapUpdateConnSignCounter
 .text.GAP_SendSlaveSecurityRequest
                0x000000000000913a       0x4a z:\_Arcade2\CH592EVT\CH592\BLE\LIB\libCH59xBLE.a(gap.o)
                0x000000000000913a                GAP_SendSlaveSecurityRequest
 .text.GAP_Signable
                0x0000000000009184       0x6a z:\_Arcade2\CH592EVT\CH592\BLE\LIB\libCH59xBLE.a(gap.o)
                0x0000000000009184                GAP_Signable
 .text.GAP_TerminateAuth
                0x00000000000091ee       0x2a z:\_Arcade2\CH592EVT\CH592\BLE\LIB\libCH59xBLE.a(gap.o)
                0x00000000000091ee                GAP_TerminateAuth
 .text.GAP_NumActiveConnections
                0x0000000000009218        0x4 z:\_Arcade2\CH592EVT\CH592\BLE\LIB\libCH59xBLE.a(gap.o)
                0x0000000000009218                GAP_NumActiveConnections
 .text.GAP_TerminateLinkReq
                0x000000000000921c       0x8e z:\_Arcade2\CH592EVT\CH592\BLE\LIB\libCH59xBLE.a(gap.o)
                0x000000000000921c                GAP_TerminateLinkReq
 .text.GAP_SetParamValue
                0x00000000000092aa       0x6c z:\_Arcade2\CH592EVT\CH592\BLE\LIB\libCH59xBLE.a(gap.o)
                0x00000000000092aa                GAP_SetParamValue
 .text.GAP_Init
                0x0000000000009316       0x62 z:\_Arcade2\CH592EVT\CH592\BLE\LIB\libCH59xBLE.a(gap.o)
                0x0000000000009316                GAP_Init
 .text.GAP_ProcessEvent
                0x0000000000009378      0x66a z:\_Arcade2\CH592EVT\CH592\BLE\LIB\libCH59xBLE.a(gap.o)
                0x0000000000009378                GAP_ProcessEvent
 .text.gapSendScanEnable
                0x00000000000099e2       0x3a z:\_Arcade2\CH592EVT\CH592\BLE\LIB\libCH59xBLE.a(gap_central.o)
 .text.gapCentProcessConnEvt
                0x0000000000009a1c      0x168 z:\_Arcade2\CH592EVT\CH592\BLE\LIB\libCH59xBLE.a(gap_central.o)
                0x0000000000009a1c                gapCentProcessConnEvt
 .text.gapProcessScanningPeriodicAdvEvt
                0x0000000000009b84       0xa0 z:\_Arcade2\CH592EVT\CH592\BLE\LIB\libCH59xBLE.a(gap_central.o)
                0x0000000000009b84                gapProcessScanningPeriodicAdvEvt
 .text.gapCancelLinkReq
                0x0000000000009c24       0x38 z:\_Arcade2\CH592EVT\CH592\BLE\LIB\libCH59xBLE.a(gap_central.o)
                0x0000000000009c24                gapCancelLinkReq
 .text.gapProcessAdvertDevInfo
                0x0000000000009c5c      0x242 z:\_Arcade2\CH592EVT\CH592\BLE\LIB\libCH59xBLE.a(gap_central.o)
                0x0000000000009c5c                gapProcessAdvertDevInfo
 .text.gapProcessExtAdvertDevInfo
                0x0000000000009e9e      0x260 z:\_Arcade2\CH592EVT\CH592\BLE\LIB\libCH59xBLE.a(gap_central.o)
                0x0000000000009e9e                gapProcessExtAdvertDevInfo
 .text.gapProcessPeriodicAdvertisingSyncEstablishedEvt
                0x000000000000a0fe       0xae z:\_Arcade2\CH592EVT\CH592\BLE\LIB\libCH59xBLE.a(gap_central.o)
                0x000000000000a0fe                gapProcessPeriodicAdvertisingSyncEstablishedEvt
 .text.gapProcessPeriodicAdvertisingSyncLostEvt
                0x000000000000a1ac       0x56 z:\_Arcade2\CH592EVT\CH592\BLE\LIB\libCH59xBLE.a(gap_central.o)
                0x000000000000a1ac                gapProcessPeriodicAdvertisingSyncLostEvt
 .text.gapFreeScanRecs
                0x000000000000a202       0xa6 z:\_Arcade2\CH592EVT\CH592\BLE\LIB\libCH59xBLE.a(gap_central.o)
                0x000000000000a202                gapFreeScanRecs
 .text.gapSendDevDiscEvent
                0x000000000000a2a8      0x126 z:\_Arcade2\CH592EVT\CH592\BLE\LIB\libCH59xBLE.a(gap_central.o)
                0x000000000000a2a8                gapSendDevDiscEvent
 .text.gapSetScanParamStatus
                0x000000000000a3ce       0x58 z:\_Arcade2\CH592EVT\CH592\BLE\LIB\libCH59xBLE.a(gap_central.o)
 .text.gapCentProcessHCICmdEvt
                0x000000000000a426       0x3e z:\_Arcade2\CH592EVT\CH592\BLE\LIB\libCH59xBLE.a(gap_central.o)
                0x000000000000a426                gapCentProcessHCICmdEvt
 .text.gapProcessScanningEvt
                0x000000000000a464      0x110 z:\_Arcade2\CH592EVT\CH592\BLE\LIB\libCH59xBLE.a(gap_central.o)
                0x000000000000a464                gapProcessScanningEvt
 .text.gapProcessScanningDirectEvt
                0x000000000000a574       0xfe z:\_Arcade2\CH592EVT\CH592\BLE\LIB\libCH59xBLE.a(gap_central.o)
                0x000000000000a574                gapProcessScanningDirectEvt
 .text.gapProcessScanningExtAdvEvt
                0x000000000000a672      0x2c4 z:\_Arcade2\CH592EVT\CH592\BLE\LIB\libCH59xBLE.a(gap_central.o)
                0x000000000000a672                gapProcessScanningExtAdvEvt
 .text.GAP_CentConnRegister
                0x000000000000a936       0x1a z:\_Arcade2\CH592EVT\CH592\BLE\LIB\libCH59xBLE.a(gap_central.o)
                0x000000000000a936                GAP_CentConnRegister
 .text.GAP_CentralParamInit
                0x000000000000a950       0x6e z:\_Arcade2\CH592EVT\CH592\BLE\LIB\libCH59xBLE.a(gap_central.o)
                0x000000000000a950                GAP_CentralParamInit
 .text.GAP_CentDevMgrInit
                0x000000000000a9be       0x9c z:\_Arcade2\CH592EVT\CH592\BLE\LIB\libCH59xBLE.a(gap_central.o)
                0x000000000000a9be                GAP_CentDevMgrInit
 .text.gapFreeAdvertState
                0x000000000000aa5a       0x20 z:\_Arcade2\CH592EVT\CH592\BLE\LIB\libCH59xBLE.a(gap_peripheral.o)
 .text.gapSetPeriodicAdvParams
                0x000000000000aa7a       0x30 z:\_Arcade2\CH592EVT\CH592\BLE\LIB\libCH59xBLE.a(gap_peripheral.o)
 .text.gapSetConnectionlessCTEParams
                0x000000000000aaaa       0x54 z:\_Arcade2\CH592EVT\CH592\BLE\LIB\libCH59xBLE.a(gap_peripheral.o)
 .text.gapSetAdvParams
                0x000000000000aafe       0xfc z:\_Arcade2\CH592EVT\CH592\BLE\LIB\libCH59xBLE.a(gap_peripheral.o)
 .text.gapPeriProcessConnEvt
                0x000000000000abfa       0xd0 z:\_Arcade2\CH592EVT\CH592\BLE\LIB\libCH59xBLE.a(gap_peripheral.o)
 .text.gapWriteAdvDataStatus
                0x000000000000acca       0x8a z:\_Arcade2\CH592EVT\CH592\BLE\LIB\libCH59xBLE.a(gap_peripheral.o)
 .text.GAP_MakeDiscoverable
                0x000000000000ad54      0x174 z:\_Arcade2\CH592EVT\CH592\BLE\LIB\libCH59xBLE.a(gap_peripheral.o)
                0x000000000000ad54                GAP_MakeDiscoverable
 .text.GAP_EndDiscoverable
                0x000000000000aec8       0x66 z:\_Arcade2\CH592EVT\CH592\BLE\LIB\libCH59xBLE.a(gap_peripheral.o)
                0x000000000000aec8                GAP_EndDiscoverable
 .text.gapProcessAdvertisingEvt
                0x000000000000af2e      0x118 z:\_Arcade2\CH592EVT\CH592\BLE\LIB\libCH59xBLE.a(gap_peripheral.o)
 .text.GAP_MakePeriodic
                0x000000000000b046       0x2a z:\_Arcade2\CH592EVT\CH592\BLE\LIB\libCH59xBLE.a(gap_peripheral.o)
                0x000000000000b046                GAP_MakePeriodic
 .text.GAP_EndPeriodic
                0x000000000000b070       0x10 z:\_Arcade2\CH592EVT\CH592\BLE\LIB\libCH59xBLE.a(gap_peripheral.o)
                0x000000000000b070                GAP_EndPeriodic
 .text.GAP_MakeConnecttionlessCTE
                0x000000000000b080       0x1a z:\_Arcade2\CH592EVT\CH592\BLE\LIB\libCH59xBLE.a(gap_peripheral.o)
                0x000000000000b080                GAP_MakeConnecttionlessCTE
 .text.GAP_EndConnecttionlessCTE
                0x000000000000b09a        0xc z:\_Arcade2\CH592EVT\CH592\BLE\LIB\libCH59xBLE.a(gap_peripheral.o)
                0x000000000000b09a                GAP_EndConnecttionlessCTE
 .text.GAP_SetAdvertisingAdvData
                0x000000000000b0a6      0x102 z:\_Arcade2\CH592EVT\CH592\BLE\LIB\libCH59xBLE.a(gap_peripheral.o)
                0x000000000000b0a6                GAP_SetAdvertisingAdvData
 .text.GAP_SetAdvertisingRspData
                0x000000000000b1a8      0x102 z:\_Arcade2\CH592EVT\CH592\BLE\LIB\libCH59xBLE.a(gap_peripheral.o)
                0x000000000000b1a8                GAP_SetAdvertisingRspData
 .text.GAP_SetPeriodicAdvertisingData
                0x000000000000b2aa       0xc6 z:\_Arcade2\CH592EVT\CH592\BLE\LIB\libCH59xBLE.a(gap_peripheral.o)
                0x000000000000b2aa                GAP_SetPeriodicAdvertisingData
 .text.GAP_GetAdvertisingAdvData
                0x000000000000b370       0x26 z:\_Arcade2\CH592EVT\CH592\BLE\LIB\libCH59xBLE.a(gap_peripheral.o)
                0x000000000000b370                GAP_GetAdvertisingAdvData
 .text.GAP_GetAdvertisingRspData
                0x000000000000b396       0x34 z:\_Arcade2\CH592EVT\CH592\BLE\LIB\libCH59xBLE.a(gap_peripheral.o)
                0x000000000000b396                GAP_GetAdvertisingRspData
 .text.GAP_GetPeriodicAdvertisingData
                0x000000000000b3ca       0x34 z:\_Arcade2\CH592EVT\CH592\BLE\LIB\libCH59xBLE.a(gap_peripheral.o)
                0x000000000000b3ca                GAP_GetPeriodicAdvertisingData
 .text.GAP_ConfigDeviceAddr
                0x000000000000b3fe      0x124 z:\_Arcade2\CH592EVT\CH592\BLE\LIB\libCH59xBLE.a(gap_peripheral.o)
                0x000000000000b3fe                GAP_ConfigDeviceAddr
 .text.GAP_PeriConnRegister
                0x000000000000b522       0x2e z:\_Arcade2\CH592EVT\CH592\BLE\LIB\libCH59xBLE.a(gap_peripheral.o)
                0x000000000000b522                GAP_PeriConnRegister
 .text.GAP_PeripheralParamInit
                0x000000000000b550       0x70 z:\_Arcade2\CH592EVT\CH592\BLE\LIB\libCH59xBLE.a(gap_peripheral.o)
                0x000000000000b550                GAP_PeripheralParamInit
 .text.gapSendMakeDiscEvent
                0x000000000000b5c0       0x50 z:\_Arcade2\CH592EVT\CH592\BLE\LIB\libCH59xBLE.a(gap_peripheral.o)
                0x000000000000b5c0                gapSendMakeDiscEvent
 .text.gapWriteAdvEnableStatus
                0x000000000000b610      0x110 z:\_Arcade2\CH592EVT\CH592\BLE\LIB\libCH59xBLE.a(gap_peripheral.o)
 .text.gapSendMakePeriodicEvent
                0x000000000000b720       0x3a z:\_Arcade2\CH592EVT\CH592\BLE\LIB\libCH59xBLE.a(gap_peripheral.o)
                0x000000000000b720                gapSendMakePeriodicEvent
 .text.gapSendMakeConnectionlessCTEEvent
                0x000000000000b75a       0x3a z:\_Arcade2\CH592EVT\CH592\BLE\LIB\libCH59xBLE.a(gap_peripheral.o)
                0x000000000000b75a                gapSendMakeConnectionlessCTEEvent
 .text.gapPeriProcessHCICmdCompleteEvt
                0x000000000000b794      0x232 z:\_Arcade2\CH592EVT\CH592\BLE\LIB\libCH59xBLE.a(gap_peripheral.o)
 .text.GAP_PeriDevMgrInit
                0x000000000000b9c6       0x2e z:\_Arcade2\CH592EVT\CH592\BLE\LIB\libCH59xBLE.a(gap_peripheral.o)
                0x000000000000b9c6                GAP_PeriDevMgrInit
 .text.ggs_SetAttrWPermit
                0x000000000000b9f4       0x68 z:\_Arcade2\CH592EVT\CH592\BLE\LIB\libCH59xBLE.a(gapgattserver.o)
 .text.ggs_ReadAttrCB
                0x000000000000ba5c      0x156 z:\_Arcade2\CH592EVT\CH592\BLE\LIB\libCH59xBLE.a(gapgattserver.o)
 .text.ggs_WriteAttrCB
                0x000000000000bbb2      0x162 z:\_Arcade2\CH592EVT\CH592\BLE\LIB\libCH59xBLE.a(gapgattserver.o)
 .text.GGS_ParamInit
                0x000000000000bd14      0x15c z:\_Arcade2\CH592EVT\CH592\BLE\LIB\libCH59xBLE.a(gapgattserver.o)
                0x000000000000bd14                GGS_ParamInit
 .text.GGS_SetParameter
                0x000000000000be70      0x116 z:\_Arcade2\CH592EVT\CH592\BLE\LIB\libCH59xBLE.a(gapgattserver.o)
                0x000000000000be70                GGS_SetParameter
 .text.GGS_AddService
                0x000000000000bf86       0x2c z:\_Arcade2\CH592EVT\CH592\BLE\LIB\libCH59xBLE.a(gapgattserver.o)
                0x000000000000bf86                GGS_AddService
 .text.GAP_DeviceInit
                0x000000000000bfb2       0xd8 z:\_Arcade2\CH592EVT\CH592\BLE\LIB\libCH59xBLE.a(gapgattserver.o)
                0x000000000000bfb2                GAP_DeviceInit
 .text.gattGetPayload
                0x000000000000c08a       0x7e z:\_Arcade2\CH592EVT\CH592\BLE\LIB\libCH59xBLE.a(gatt.o)
                0x000000000000c08a                gattGetPayload
 .text.gattNotifyEvent
                0x000000000000c108       0x84 z:\_Arcade2\CH592EVT\CH592\BLE\LIB\libCH59xBLE.a(gatt.o)
                0x000000000000c108                gattNotifyEvent
 .text.gattSendFlowCtrlEvt
                0x000000000000c18c       0x52 z:\_Arcade2\CH592EVT\CH592\BLE\LIB\libCH59xBLE.a(gatt.o)
                0x000000000000c18c                gattSendFlowCtrlEvt
 .text.gattStartTimer
                0x000000000000c1de        0xc z:\_Arcade2\CH592EVT\CH592\BLE\LIB\libCH59xBLE.a(gatt.o)
                0x000000000000c1de                gattStartTimer
 .text.gattStopTimer
                0x000000000000c1ea       0x32 z:\_Arcade2\CH592EVT\CH592\BLE\LIB\libCH59xBLE.a(gatt.o)
                0x000000000000c1ea                gattStopTimer
 .text.GATT_AppCompletedMsg
                0x000000000000c21c       0x30 z:\_Arcade2\CH592EVT\CH592\BLE\LIB\libCH59xBLE.a(gatt.o)
                0x000000000000c21c                GATT_AppCompletedMsg
 .text.GATT_NotifyEvent
                0x000000000000c24c       0x56 z:\_Arcade2\CH592EVT\CH592\BLE\LIB\libCH59xBLE.a(gatt.o)
                0x000000000000c24c                GATT_NotifyEvent
 .text.gattRegisterServer
                0x000000000000c2a2        0x6 z:\_Arcade2\CH592EVT\CH592\BLE\LIB\libCH59xBLE.a(gatt.o)
                0x000000000000c2a2                gattRegisterServer
 .text.GATT_UpdateMTU
                0x000000000000c2a8       0x5a z:\_Arcade2\CH592EVT\CH592\BLE\LIB\libCH59xBLE.a(gatt.o)
                0x000000000000c2a8                GATT_UpdateMTU
 .text.GATT_bm_alloc
                0x000000000000c302       0xe8 z:\_Arcade2\CH592EVT\CH592\BLE\LIB\libCH59xBLE.a(gatt.o)
                0x000000000000c302                GATT_bm_alloc
 .text.GATT_ServiceChangedInd
                0x000000000000c3ea       0x94 z:\_Arcade2\CH592EVT\CH592\BLE\LIB\libCH59xBLE.a(gatt.o)
                0x000000000000c3ea                GATT_ServiceChangedInd
 .text.GATT_bm_free
                0x000000000000c47e       0x1c z:\_Arcade2\CH592EVT\CH592\BLE\LIB\libCH59xBLE.a(gatt.o)
                0x000000000000c47e                GATT_bm_free
 .text.GATT_Init
                0x000000000000c49a       0x2a z:\_Arcade2\CH592EVT\CH592\BLE\LIB\libCH59xBLE.a(gatt.o)
                0x000000000000c49a                GATT_Init
 .text.GATT_ProcessEvent
                0x000000000000c4c4      0x140 z:\_Arcade2\CH592EVT\CH592\BLE\LIB\libCH59xBLE.a(gatt.o)
                0x000000000000c4c4                GATT_ProcessEvent
 .text.gattProcessExchangeMTUReq
                0x000000000000c604        0x4 z:\_Arcade2\CH592EVT\CH592\BLE\LIB\libCH59xBLE.a(gattservapp.o)
 .text.gattServApp_FindCharCfgItem
                0x000000000000c608       0x24 z:\_Arcade2\CH592EVT\CH592\BLE\LIB\libCH59xBLE.a(gattservapp.o)
 .text.gattServerHandleTimerCB
                0x000000000000c62c       0x3c z:\_Arcade2\CH592EVT\CH592\BLE\LIB\libCH59xBLE.a(gattservapp.o)
 .text.GATTServApp_InitCharCfg.part.12
                0x000000000000c668       0x20 z:\_Arcade2\CH592EVT\CH592\BLE\LIB\libCH59xBLE.a(gattservapp.o)
 .text.gattProcessExecuteWriteReq
                0x000000000000c688        0x4 z:\_Arcade2\CH592EVT\CH592\BLE\LIB\libCH59xBLE.a(gattservapp.o)
 .text.GATTServApp_ParamInit
                0x000000000000c68c       0xd6 z:\_Arcade2\CH592EVT\CH592\BLE\LIB\libCH59xBLE.a(gattservapp.o)
                0x000000000000c68c                GATTServApp_ParamInit
 .text.GATTServApp_ReadCharCfg
                0x000000000000c762       0x18 z:\_Arcade2\CH592EVT\CH592\BLE\LIB\libCH59xBLE.a(gattservapp.o)
                0x000000000000c762                GATTServApp_ReadCharCfg
 .text.GATTServApp_WriteCharCfg
                0x000000000000c77a       0x3c z:\_Arcade2\CH592EVT\CH592\BLE\LIB\libCH59xBLE.a(gattservapp.o)
                0x000000000000c77a                GATTServApp_WriteCharCfg
 .text.GATTServApp_ProcessCCCWriteReq
                0x000000000000c7b6       0x60 z:\_Arcade2\CH592EVT\CH592\BLE\LIB\libCH59xBLE.a(gattservapp.o)
                0x000000000000c7b6                GATTServApp_ProcessCCCWriteReq
 .text.gattServApp_WriteAttrCB
                0x000000000000c816       0x34 z:\_Arcade2\CH592EVT\CH592\BLE\LIB\libCH59xBLE.a(gattservapp.o)
                0x000000000000c816                gattServApp_WriteAttrCB
 .text.GATTServApp_SendCCCUpdatedEvent
                0x000000000000c84a       0x5e z:\_Arcade2\CH592EVT\CH592\BLE\LIB\libCH59xBLE.a(gattservapp.o)
                0x000000000000c84a                GATTServApp_SendCCCUpdatedEvent
 .text.GATTServApp_SendServiceChangedInd
                0x000000000000c8a8       0x36 z:\_Arcade2\CH592EVT\CH592\BLE\LIB\libCH59xBLE.a(gattservapp.o)
                0x000000000000c8a8                GATTServApp_SendServiceChangedInd
 .text.gattServApp_ClearPrepareWriteQ
                0x000000000000c8de       0x50 z:\_Arcade2\CH592EVT\CH592\BLE\LIB\libCH59xBLE.a(gattservapp.o)
                0x000000000000c8de                gattServApp_ClearPrepareWriteQ
 .text.gattServApp_FindPrepareWriteQ
                0x000000000000c92e       0x30 z:\_Arcade2\CH592EVT\CH592\BLE\LIB\libCH59xBLE.a(gattservapp.o)
                0x000000000000c92e                gattServApp_FindPrepareWriteQ
 .text.gattServApp_FindServiceCBs
                0x000000000000c95e       0x18 z:\_Arcade2\CH592EVT\CH592\BLE\LIB\libCH59xBLE.a(gattservapp.o)
                0x000000000000c95e                gattServApp_FindServiceCBs
 .text.gattServApp_FindAuthorizeAttrCB
                0x000000000000c976       0x16 z:\_Arcade2\CH592EVT\CH592\BLE\LIB\libCH59xBLE.a(gattservapp.o)
                0x000000000000c976                gattServApp_FindAuthorizeAttrCB
 .text.gattServApp_IsWriteLong
                0x000000000000c98c       0xea z:\_Arcade2\CH592EVT\CH592\BLE\LIB\libCH59xBLE.a(gattservapp.o)
                0x000000000000c98c                gattServApp_IsWriteLong
 .text.gattFindService
                0x000000000000ca76       0x1c z:\_Arcade2\CH592EVT\CH592\BLE\LIB\libCH59xBLE.a(gattservapp.o)
                0x000000000000ca76                gattFindService
 .text.GATT_ServiceNumAttrs
                0x000000000000ca92       0x18 z:\_Arcade2\CH592EVT\CH592\BLE\LIB\libCH59xBLE.a(gattservapp.o)
                0x000000000000ca92                GATT_ServiceNumAttrs
 .text.GATT_ServiceEncKeySize
                0x000000000000caaa       0x18 z:\_Arcade2\CH592EVT\CH592\BLE\LIB\libCH59xBLE.a(gattservapp.o)
                0x000000000000caaa                GATT_ServiceEncKeySize
 .text.GATT_VerifyWritePermissions.part.7
                0x000000000000cac2       0x2e z:\_Arcade2\CH592EVT\CH592\BLE\LIB\libCH59xBLE.a(gattservapp.o)
 .text.gattResetServerInfo
                0x000000000000caf0       0x1c z:\_Arcade2\CH592EVT\CH592\BLE\LIB\libCH59xBLE.a(gattservapp.o)
                0x000000000000caf0                gattResetServerInfo
 .text.gattFindServerInfo
                0x000000000000cb0c       0x2c z:\_Arcade2\CH592EVT\CH592\BLE\LIB\libCH59xBLE.a(gattservapp.o)
                0x000000000000cb0c                gattFindServerInfo
 .text.gattServerHandleConnStatusCB
                0x000000000000cb38       0x98 z:\_Arcade2\CH592EVT\CH592\BLE\LIB\libCH59xBLE.a(gattservapp.o)
                0x000000000000cb38                gattServerHandleConnStatusCB
 .text.gattServerProcessMsgCB
                0x000000000000cbd0      0x1c0 z:\_Arcade2\CH592EVT\CH592\BLE\LIB\libCH59xBLE.a(gattservapp.o)
                0x000000000000cbd0                gattServerProcessMsgCB
 .text.gattServerNotifyTxCB
                0x000000000000cd90       0x28 z:\_Arcade2\CH592EVT\CH592\BLE\LIB\libCH59xBLE.a(gattservapp.o)
 .text.GATT_FindHandle
                0x000000000000cdb8       0x4a z:\_Arcade2\CH592EVT\CH592\BLE\LIB\libCH59xBLE.a(gattservapp.o)
                0x000000000000cdb8                GATT_FindHandle
 .text.GATTServApp_WriteAttr
                0x000000000000ce02       0xa8 z:\_Arcade2\CH592EVT\CH592\BLE\LIB\libCH59xBLE.a(gattservapp.o)
                0x000000000000ce02                GATTServApp_WriteAttr
 .text.gattServApp_ProcessExecuteWriteReq
                0x000000000000ceaa      0x100 z:\_Arcade2\CH592EVT\CH592\BLE\LIB\libCH59xBLE.a(gattservapp.o)
                0x000000000000ceaa                gattServApp_ProcessExecuteWriteReq
 .text.GATTServApp_UpdateCharCfg
                0x000000000000cfaa       0x1e z:\_Arcade2\CH592EVT\CH592\BLE\LIB\libCH59xBLE.a(gattservapp.o)
                0x000000000000cfaa                GATTServApp_UpdateCharCfg
 .text.gattServApp_ProcessPrepareWriteReq
                0x000000000000cfc8      0x10e z:\_Arcade2\CH592EVT\CH592\BLE\LIB\libCH59xBLE.a(gattservapp.o)
                0x000000000000cfc8                gattServApp_ProcessPrepareWriteReq
 .text.gattServApp_ProcessWriteReq
                0x000000000000d0d6       0xb0 z:\_Arcade2\CH592EVT\CH592\BLE\LIB\libCH59xBLE.a(gattservapp.o)
                0x000000000000d0d6                gattServApp_ProcessWriteReq
 .text.GATT_Indication
                0x000000000000d186       0xa4 z:\_Arcade2\CH592EVT\CH592\BLE\LIB\libCH59xBLE.a(gattservapp.o)
                0x000000000000d186                GATT_Indication
 .text.GATT_FindHandleUUID
                0x000000000000d22a       0x94 z:\_Arcade2\CH592EVT\CH592\BLE\LIB\libCH59xBLE.a(gattservapp.o)
                0x000000000000d22a                GATT_FindHandleUUID
 .text.gattProcessReadByGrpTypeReq
                0x000000000000d2be       0x60 z:\_Arcade2\CH592EVT\CH592\BLE\LIB\libCH59xBLE.a(gattservapp.o)
 .text.gattProcessReadByTypeReq
                0x000000000000d31e       0x34 z:\_Arcade2\CH592EVT\CH592\BLE\LIB\libCH59xBLE.a(gattservapp.o)
 .text.gattProcessFindByTypeValueReq
                0x000000000000d352       0x34 z:\_Arcade2\CH592EVT\CH592\BLE\LIB\libCH59xBLE.a(gattservapp.o)
 .text.gattProcessFindInfoReq
                0x000000000000d386      0x1aa z:\_Arcade2\CH592EVT\CH592\BLE\LIB\libCH59xBLE.a(gattservapp.o)
 .text.GATT_Notification
                0x000000000000d530       0x70 z:\_Arcade2\CH592EVT\CH592\BLE\LIB\libCH59xBLE.a(gattservapp.o)
                0x000000000000d530                GATT_Notification
 .text.GATT_VerifyWritePermissions
                0x000000000000d5a0       0x6a z:\_Arcade2\CH592EVT\CH592\BLE\LIB\libCH59xBLE.a(gattservapp.o)
                0x000000000000d5a0                GATT_VerifyWritePermissions
 .text.gattProcessWriteReq
                0x000000000000d60a       0x36 z:\_Arcade2\CH592EVT\CH592\BLE\LIB\libCH59xBLE.a(gattservapp.o)
 .text.GATT_VerifyPrepareWritePermissions
                0x000000000000d640       0x56 z:\_Arcade2\CH592EVT\CH592\BLE\LIB\libCH59xBLE.a(gattservapp.o)
                0x000000000000d640                GATT_VerifyPrepareWritePermissions
 .text.gattProcessPrepareWriteReq
                0x000000000000d696       0x36 z:\_Arcade2\CH592EVT\CH592\BLE\LIB\libCH59xBLE.a(gattservapp.o)
 .text.GATT_FindNextAttr
                0x000000000000d6cc       0xc2 z:\_Arcade2\CH592EVT\CH592\BLE\LIB\libCH59xBLE.a(gattservapp.o)
                0x000000000000d6cc                GATT_FindNextAttr
 .text.GATTServApp_ReadAttr
                0x000000000000d78e      0x2ea z:\_Arcade2\CH592EVT\CH592\BLE\LIB\libCH59xBLE.a(gattservapp.o)
                0x000000000000d78e                GATTServApp_ReadAttr
 .text.gattServApp_ProcessReadMultiReq
                0x000000000000da78      0x16e z:\_Arcade2\CH592EVT\CH592\BLE\LIB\libCH59xBLE.a(gattservapp.o)
                0x000000000000da78                gattServApp_ProcessReadMultiReq
 .text.gattServApp_ProcessFindByTypeValueReq
                0x000000000000dbe6      0x1a0 z:\_Arcade2\CH592EVT\CH592\BLE\LIB\libCH59xBLE.a(gattservapp.o)
                0x000000000000dbe6                gattServApp_ProcessFindByTypeValueReq
 .text.GATT_VerifyReadPermissions
                0x000000000000dd86       0x68 z:\_Arcade2\CH592EVT\CH592\BLE\LIB\libCH59xBLE.a(gattservapp.o)
                0x000000000000dd86                GATT_VerifyReadPermissions
 .text.gattProcessReadMultiReq
                0x000000000000ddee       0xae z:\_Arcade2\CH592EVT\CH592\BLE\LIB\libCH59xBLE.a(gattservapp.o)
 .text.gattProcessReadReq
                0x000000000000de9c       0x30 z:\_Arcade2\CH592EVT\CH592\BLE\LIB\libCH59xBLE.a(gattservapp.o)
 .text.gattServApp_ProcessReadByGrpTypeReq
                0x000000000000decc      0x200 z:\_Arcade2\CH592EVT\CH592\BLE\LIB\libCH59xBLE.a(gattservapp.o)
                0x000000000000decc                gattServApp_ProcessReadByGrpTypeReq
 .text.gattServApp_ProcessReadByTypeReq
                0x000000000000e0cc      0x1ae z:\_Arcade2\CH592EVT\CH592\BLE\LIB\libCH59xBLE.a(gattservapp.o)
                0x000000000000e0cc                gattServApp_ProcessReadByTypeReq
 .text.GATT_RegisterService
                0x000000000000e27a      0x100 z:\_Arcade2\CH592EVT\CH592\BLE\LIB\libCH59xBLE.a(gattservapp.o)
                0x000000000000e27a                GATT_RegisterService
 .text.GATTServApp_RegisterService
                0x000000000000e37a       0x7c z:\_Arcade2\CH592EVT\CH592\BLE\LIB\libCH59xBLE.a(gattservapp.o)
                0x000000000000e37a                GATTServApp_RegisterService
 .text.GATTServApp_AddService
                0x000000000000e3f6       0x2c z:\_Arcade2\CH592EVT\CH592\BLE\LIB\libCH59xBLE.a(gattservapp.o)
                0x000000000000e3f6                GATTServApp_AddService
 .text.GATTServApp_RegisterForMsg
                0x000000000000e422        0x6 z:\_Arcade2\CH592EVT\CH592\BLE\LIB\libCH59xBLE.a(gattservapp.o)
                0x000000000000e422                GATTServApp_RegisterForMsg
 .text.GATTServApp_InitCharCfg
                0x000000000000e428       0x28 z:\_Arcade2\CH592EVT\CH592\BLE\LIB\libCH59xBLE.a(gattservapp.o)
                0x000000000000e428                GATTServApp_InitCharCfg
 .text.gattServApp_HandleConnStatusCB
                0x000000000000e450       0x74 z:\_Arcade2\CH592EVT\CH592\BLE\LIB\libCH59xBLE.a(gattservapp.o)
                0x000000000000e450                gattServApp_HandleConnStatusCB
 .text.GATT_InitServer
                0x000000000000e4c4       0xfa z:\_Arcade2\CH592EVT\CH592\BLE\LIB\libCH59xBLE.a(gattservapp.o)
                0x000000000000e4c4                GATT_InitServer
 .text.GATTServApp_Init
                0x000000000000e5be       0x34 z:\_Arcade2\CH592EVT\CH592\BLE\LIB\libCH59xBLE.a(gattservapp.o)
                0x000000000000e5be                GATTServApp_Init
 .text.GATTServApp_ProcessEvent
                0x000000000000e5f2      0x36a z:\_Arcade2\CH592EVT\CH592\BLE\LIB\libCH59xBLE.a(gattservapp.o)
                0x000000000000e5f2                GATTServApp_ProcessEvent
 .text.l2capAllocConnChannel
                0x000000000000e95c       0xe0 z:\_Arcade2\CH592EVT\CH592\BLE\LIB\libCH59xBLE.a(l2cap.o)
                0x000000000000e95c                l2capAllocConnChannel
 .text.l2capFindLocalCID
                0x000000000000ea3c       0x2c z:\_Arcade2\CH592EVT\CH592\BLE\LIB\libCH59xBLE.a(l2cap.o)
                0x000000000000ea3c                l2capFindLocalCID
 .text.l2capFindLocalId
                0x000000000000ea68       0x30 z:\_Arcade2\CH592EVT\CH592\BLE\LIB\libCH59xBLE.a(l2cap.o)
                0x000000000000ea68                l2capFindLocalId
 .text.l2capFindPsm
                0x000000000000ea98       0x30 z:\_Arcade2\CH592EVT\CH592\BLE\LIB\libCH59xBLE.a(l2cap.o)
                0x000000000000ea98                l2capFindPsm
 .text.l2capFindRemoteCID
                0x000000000000eac8       0x3c z:\_Arcade2\CH592EVT\CH592\BLE\LIB\libCH59xBLE.a(l2cap.o)
                0x000000000000eac8                l2capFindRemoteCID
 .text.l2capFreeChannel
                0x000000000000eb04       0x4e z:\_Arcade2\CH592EVT\CH592\BLE\LIB\libCH59xBLE.a(l2cap.o)
                0x000000000000eb04                l2capFreeChannel
 .text.l2capDisconnectChannel
                0x000000000000eb52       0x28 z:\_Arcade2\CH592EVT\CH592\BLE\LIB\libCH59xBLE.a(l2cap.o)
                0x000000000000eb52                l2capDisconnectChannel
 .text.l2capHandleTimerCB
                0x000000000000eb7a       0x2c z:\_Arcade2\CH592EVT\CH592\BLE\LIB\libCH59xBLE.a(l2cap.o)
                0x000000000000eb7a                l2capHandleTimerCB
 .text.l2capFreePendingPkt
                0x000000000000eba6       0x58 z:\_Arcade2\CH592EVT\CH592\BLE\LIB\libCH59xBLE.a(l2cap.o)
                0x000000000000eba6                l2capFreePendingPkt
 .text.l2capGetCoChannelInfo
                0x000000000000ebfe       0x86 z:\_Arcade2\CH592EVT\CH592\BLE\LIB\libCH59xBLE.a(l2cap.o)
                0x000000000000ebfe                l2capGetCoChannelInfo
 .text.l2capNumActiveChannnels
                0x000000000000ec84       0x48 z:\_Arcade2\CH592EVT\CH592\BLE\LIB\libCH59xBLE.a(l2cap.o)
                0x000000000000ec84                l2capNumActiveChannnels
 .text.l2capStartTimer
                0x000000000000eccc       0x1a z:\_Arcade2\CH592EVT\CH592\BLE\LIB\libCH59xBLE.a(l2cap.o)
                0x000000000000eccc                l2capStartTimer
 .text.l2capStopTimer
                0x000000000000ece6       0x1e z:\_Arcade2\CH592EVT\CH592\BLE\LIB\libCH59xBLE.a(l2cap.o)
                0x000000000000ece6                l2capStopTimer
 .text.l2capDisconnectAllChannels
                0x000000000000ed04       0xdc z:\_Arcade2\CH592EVT\CH592\BLE\LIB\libCH59xBLE.a(l2cap.o)
                0x000000000000ed04                l2capDisconnectAllChannels
 .text.l2capHandleConnStatusCB
                0x000000000000ede0       0x3c z:\_Arcade2\CH592EVT\CH592\BLE\LIB\libCH59xBLE.a(l2cap.o)
                0x000000000000ede0                l2capHandleConnStatusCB
 .text.l2capHandleRxError
                0x000000000000ee1c        0x6 z:\_Arcade2\CH592EVT\CH592\BLE\LIB\libCH59xBLE.a(l2cap.o)
                0x000000000000ee1c                l2capHandleRxError
 .text.L2CAP_GetMTU
                0x000000000000ee22        0x6 z:\_Arcade2\CH592EVT\CH592\BLE\LIB\libCH59xBLE.a(l2cap.o)
                0x000000000000ee22                L2CAP_GetMTU
 .text.L2CAP_HostNumCompletedPkts
                0x000000000000ee28       0x28 z:\_Arcade2\CH592EVT\CH592\BLE\LIB\libCH59xBLE.a(l2cap.o)
                0x000000000000ee28                L2CAP_HostNumCompletedPkts
 .text.L2CAP_ParseConnectReq
                0x000000000000ee50       0x5e z:\_Arcade2\CH592EVT\CH592\BLE\LIB\libCH59xBLE.a(l2cap.o)
                0x000000000000ee50                L2CAP_ParseConnectReq
 .text.L2CAP_ParseFlowCtrlCredit
                0x000000000000eeae       0x2e z:\_Arcade2\CH592EVT\CH592\BLE\LIB\libCH59xBLE.a(l2cap.o)
                0x000000000000eeae                L2CAP_ParseFlowCtrlCredit
 .text.L2CAP_RegisterApp
                0x000000000000eedc       0x30 z:\_Arcade2\CH592EVT\CH592\BLE\LIB\libCH59xBLE.a(l2cap.o)
                0x000000000000eedc                L2CAP_RegisterApp
 .text.L2CAP_SetBufSize
                0x000000000000ef0c       0x1e z:\_Arcade2\CH592EVT\CH592\BLE\LIB\libCH59xBLE.a(l2cap.o)
                0x000000000000ef0c                L2CAP_SetBufSize
 .text.L2CAP_bm_alloc
                0x000000000000ef2a       0x2a z:\_Arcade2\CH592EVT\CH592\BLE\LIB\libCH59xBLE.a(l2cap.o)
                0x000000000000ef2a                L2CAP_bm_alloc
 .text.L2CAP_Init
                0x000000000000ef54      0x15e z:\_Arcade2\CH592EVT\CH592\BLE\LIB\libCH59xBLE.a(l2cap.o)
                0x000000000000ef54                L2CAP_Init
 .text.L2CAP_ProcessEvent
                0x000000000000f0b2       0xd4 z:\_Arcade2\CH592EVT\CH592\BLE\LIB\libCH59xBLE.a(l2cap.o)
                0x000000000000f0b2                L2CAP_ProcessEvent
 .text.l2capParseCmdReject
                0x000000000000f186       0x5e z:\_Arcade2\CH592EVT\CH592\BLE\LIB\libCH59xBLE.a(l2cap_input.o)
                0x000000000000f186                l2capParseCmdReject
 .text.l2capParseDisconnectReq
                0x000000000000f1e4       0x2e z:\_Arcade2\CH592EVT\CH592\BLE\LIB\libCH59xBLE.a(l2cap_input.o)
                0x000000000000f1e4                l2capParseDisconnectReq
 .text.l2capParseDisconnectRsp
                0x000000000000f212       0x2e z:\_Arcade2\CH592EVT\CH592\BLE\LIB\libCH59xBLE.a(l2cap_input.o)
                0x000000000000f212                l2capParseDisconnectRsp
 .text.L2CAP_ParseParamUpdateReq
                0x000000000000f240       0x4e z:\_Arcade2\CH592EVT\CH592\BLE\LIB\libCH59xBLE.a(l2cap_input.o)
                0x000000000000f240                L2CAP_ParseParamUpdateReq
 .text.l2capParseParamUpdateRsp
                0x000000000000f28e       0x1e z:\_Arcade2\CH592EVT\CH592\BLE\LIB\libCH59xBLE.a(l2cap_input.o)
                0x000000000000f28e                l2capParseParamUpdateRsp
 .text.l2capProcessConnectReq
                0x000000000000f2ac       0xfc z:\_Arcade2\CH592EVT\CH592\BLE\LIB\libCH59xBLE.a(l2cap_input.o)
                0x000000000000f2ac                l2capProcessConnectReq
 .text.l2capParseConnectRsp
                0x000000000000f3a8       0x5e z:\_Arcade2\CH592EVT\CH592\BLE\LIB\libCH59xBLE.a(l2cap_input.o)
                0x000000000000f3a8                l2capParseConnectRsp
 .text.l2capParseSignalHdr
                0x000000000000f406       0x22 z:\_Arcade2\CH592EVT\CH592\BLE\LIB\libCH59xBLE.a(l2cap_input.o)
                0x000000000000f406                l2capParseSignalHdr
 .text.l2capParsePacket
                0x000000000000f428       0x8c z:\_Arcade2\CH592EVT\CH592\BLE\LIB\libCH59xBLE.a(l2cap_input.o)
                0x000000000000f428                l2capParsePacket
 .text.l2capProcessReq
                0x000000000000f4b4      0x15e z:\_Arcade2\CH592EVT\CH592\BLE\LIB\libCH59xBLE.a(l2cap_input.o)
                0x000000000000f4b4                l2capProcessReq
 .text.l2capProcessRsp
                0x000000000000f612      0x150 z:\_Arcade2\CH592EVT\CH592\BLE\LIB\libCH59xBLE.a(l2cap_input.o)
                0x000000000000f612                l2capProcessRsp
 .text.l2capProcessRxData
                0x000000000000f762       0xf8 z:\_Arcade2\CH592EVT\CH592\BLE\LIB\libCH59xBLE.a(l2cap_input.o)
                0x000000000000f762                l2capProcessRxData
 .text.l2capNotifyData
                0x000000000000f85a       0x5e z:\_Arcade2\CH592EVT\CH592\BLE\LIB\libCH59xBLE.a(l2cap_output.o)
                0x000000000000f85a                l2capNotifyData
 .text.l2capNotifySignal
                0x000000000000f8b8       0x7a z:\_Arcade2\CH592EVT\CH592\BLE\LIB\libCH59xBLE.a(l2cap_output.o)
                0x000000000000f8b8                l2capNotifySignal
 .text.l2capNotifyCreditEvt
                0x000000000000f932       0xa4 z:\_Arcade2\CH592EVT\CH592\BLE\LIB\libCH59xBLE.a(l2cap_output.o)
                0x000000000000f932                l2capNotifyCreditEvt
 .text.l2capNotifyChannelEstEvt
                0x000000000000f9d6       0x5c z:\_Arcade2\CH592EVT\CH592\BLE\LIB\libCH59xBLE.a(l2cap_output.o)
                0x000000000000f9d6                l2capNotifyChannelEstEvt
 .text.l2capNotifyChannelTermEvt
                0x000000000000fa32       0x3e z:\_Arcade2\CH592EVT\CH592\BLE\LIB\libCH59xBLE.a(l2cap_output.o)
                0x000000000000fa32                l2capNotifyChannelTermEvt
 .text.l2capNotifyEvent
                0x000000000000fa70       0x66 z:\_Arcade2\CH592EVT\CH592\BLE\LIB\libCH59xBLE.a(l2cap_output.o)
                0x000000000000fa70                l2capNotifyEvent
 .text.l2capStoreFCPkt
                0x000000000000fad6       0x32 z:\_Arcade2\CH592EVT\CH592\BLE\LIB\libCH59xBLE.a(l2cap_output.o)
                0x000000000000fad6                l2capStoreFCPkt
 .text.l2capFreeTxSDU
                0x000000000000fb08       0x9e z:\_Arcade2\CH592EVT\CH592\BLE\LIB\libCH59xBLE.a(l2cap_output.o)
                0x000000000000fb08                l2capFreeTxSDU
 .text.l2capReassembleSegment
                0x000000000000fba6      0x178 z:\_Arcade2\CH592EVT\CH592\BLE\LIB\libCH59xBLE.a(l2cap_output.o)
                0x000000000000fba6                l2capReassembleSegment
 .text.l2capEncapSendData
                0x000000000000fd1e       0xf0 z:\_Arcade2\CH592EVT\CH592\BLE\LIB\libCH59xBLE.a(l2cap_output.o)
                0x000000000000fd1e                l2capEncapSendData
 .text.l2capSendFCPkt.part.3
                0x000000000000fe0e       0x70 z:\_Arcade2\CH592EVT\CH592\BLE\LIB\libCH59xBLE.a(l2cap_output.o)
 .text.l2capSendSegment
                0x000000000000fe7e      0x108 z:\_Arcade2\CH592EVT\CH592\BLE\LIB\libCH59xBLE.a(l2cap_output.o)
                0x000000000000fe7e                l2capSendSegment
 .text.l2capSendNextSegment
                0x000000000000ff86       0xb4 z:\_Arcade2\CH592EVT\CH592\BLE\LIB\libCH59xBLE.a(l2cap_output.o)
                0x000000000000ff86                l2capSendNextSegment
 .text.l2capSendPkt
                0x000000000001003a       0x3a z:\_Arcade2\CH592EVT\CH592\BLE\LIB\libCH59xBLE.a(l2cap_output.o)
                0x000000000001003a                l2capSendPkt
 .text.L2CAP_SendData
                0x0000000000010074       0x82 z:\_Arcade2\CH592EVT\CH592\BLE\LIB\libCH59xBLE.a(l2cap_output.o)
                0x0000000000010074                L2CAP_SendData
 .text.l2capSendCmd
                0x00000000000100f6       0x8a z:\_Arcade2\CH592EVT\CH592\BLE\LIB\libCH59xBLE.a(l2cap_output.o)
                0x00000000000100f6                l2capSendCmd
 .text.l2capSendReq
                0x0000000000010180       0xc8 z:\_Arcade2\CH592EVT\CH592\BLE\LIB\libCH59xBLE.a(l2cap_output.o)
                0x0000000000010180                l2capSendReq
 .text.l2capBuildDisconnectReq
                0x0000000000010248       0x28 z:\_Arcade2\CH592EVT\CH592\BLE\LIB\libCH59xBLE.a(l2cap_sdu.o)
 .text.l2capBuildParamUpdateReq
                0x0000000000010270       0x4c z:\_Arcade2\CH592EVT\CH592\BLE\LIB\libCH59xBLE.a(l2cap_sdu.o)
 .text.l2capBuildParamUpdateRsp
                0x00000000000102bc       0x16 z:\_Arcade2\CH592EVT\CH592\BLE\LIB\libCH59xBLE.a(l2cap_sdu.o)
 .text.l2capBuildConnectRsp
                0x00000000000102d2       0x5e z:\_Arcade2\CH592EVT\CH592\BLE\LIB\libCH59xBLE.a(l2cap_sdu.o)
 .text.l2capBuildCmdReject
                0x0000000000010330       0x62 z:\_Arcade2\CH592EVT\CH592\BLE\LIB\libCH59xBLE.a(l2cap_sdu.o)
                0x0000000000010330                l2capBuildCmdReject
 .text.l2capBuildDisconnectRsp
                0x0000000000010392       0x28 z:\_Arcade2\CH592EVT\CH592\BLE\LIB\libCH59xBLE.a(l2cap_sdu.o)
                0x0000000000010392                l2capBuildDisconnectRsp
 .text.l2capSendConnectRsp
                0x00000000000103ba       0xaa z:\_Arcade2\CH592EVT\CH592\BLE\LIB\libCH59xBLE.a(l2cap_sdu.o)
                0x00000000000103ba                l2capSendConnectRsp
 .text.L2CAP_CmdReject
                0x0000000000010464       0x12 z:\_Arcade2\CH592EVT\CH592\BLE\LIB\libCH59xBLE.a(l2cap_sdu.o)
                0x0000000000010464                L2CAP_CmdReject
 .text.L2CAP_DisconnectReq
                0x0000000000010476       0x2a z:\_Arcade2\CH592EVT\CH592\BLE\LIB\libCH59xBLE.a(l2cap_sdu.o)
                0x0000000000010476                L2CAP_DisconnectReq
 .text.L2CAP_ConnParamUpdateReq
                0x00000000000104a0       0x16 z:\_Arcade2\CH592EVT\CH592\BLE\LIB\libCH59xBLE.a(l2cap_sdu.o)
                0x00000000000104a0                L2CAP_ConnParamUpdateReq
 .text.L2CAP_ConnParamUpdateRsp
                0x00000000000104b6       0x12 z:\_Arcade2\CH592EVT\CH592\BLE\LIB\libCH59xBLE.a(l2cap_sdu.o)
                0x00000000000104b6                L2CAP_ConnParamUpdateRsp
 .text.reportStatusChange
                0x00000000000104c8       0x3e z:\_Arcade2\CH592EVT\CH592\BLE\LIB\libCH59xBLE.a(linkdb.o)
 .text.linkDB_Init
                0x0000000000010506       0xae z:\_Arcade2\CH592EVT\CH592\BLE\LIB\libCH59xBLE.a(linkdb.o)
                0x0000000000010506                linkDB_Init
 .text.linkDB_Find
                0x00000000000105b4       0x34 z:\_Arcade2\CH592EVT\CH592\BLE\LIB\libCH59xBLE.a(linkdb.o)
                0x00000000000105b4                linkDB_Find
 .text.linkDB_Authen
                0x00000000000105e8       0x5c z:\_Arcade2\CH592EVT\CH592\BLE\LIB\libCH59xBLE.a(linkdb.o)
                0x00000000000105e8                linkDB_Authen
 .text.linkDB_FindByAddr
                0x0000000000010644       0x82 z:\_Arcade2\CH592EVT\CH592\BLE\LIB\libCH59xBLE.a(linkdb.o)
                0x0000000000010644                linkDB_FindByAddr
 .text.linkDB_FindFirst
                0x00000000000106c6       0x40 z:\_Arcade2\CH592EVT\CH592\BLE\LIB\libCH59xBLE.a(linkdb.o)
                0x00000000000106c6                linkDB_FindFirst
 .text.linkDB_MTU
                0x0000000000010706       0x18 z:\_Arcade2\CH592EVT\CH592\BLE\LIB\libCH59xBLE.a(linkdb.o)
                0x0000000000010706                linkDB_MTU
 .text.linkDB_NumActive
                0x000000000001071e       0x36 z:\_Arcade2\CH592EVT\CH592\BLE\LIB\libCH59xBLE.a(linkdb.o)
                0x000000000001071e                linkDB_NumActive
 .text.linkDB_NumConns
                0x0000000000010754        0xa z:\_Arcade2\CH592EVT\CH592\BLE\LIB\libCH59xBLE.a(linkdb.o)
                0x0000000000010754                linkDB_NumConns
 .text.linkDB_Register
                0x000000000001075e       0x28 z:\_Arcade2\CH592EVT\CH592\BLE\LIB\libCH59xBLE.a(linkdb.o)
                0x000000000001075e                linkDB_Register
 .text.linkDB_Remove
                0x0000000000010786       0x4c z:\_Arcade2\CH592EVT\CH592\BLE\LIB\libCH59xBLE.a(linkdb.o)
                0x0000000000010786                linkDB_Remove
 .text.linkDB_Role
                0x00000000000107d2       0x18 z:\_Arcade2\CH592EVT\CH592\BLE\LIB\libCH59xBLE.a(linkdb.o)
                0x00000000000107d2                linkDB_Role
 .text.linkDB_State
                0x00000000000107ea       0x30 z:\_Arcade2\CH592EVT\CH592\BLE\LIB\libCH59xBLE.a(linkdb.o)
                0x00000000000107ea                linkDB_State
 .text.linkDB_UpdateMTU
                0x000000000001081a       0x28 z:\_Arcade2\CH592EVT\CH592\BLE\LIB\libCH59xBLE.a(linkdb.o)
                0x000000000001081a                linkDB_UpdateMTU
 .text.linkDB_PerformFunc
                0x0000000000010842       0x5a z:\_Arcade2\CH592EVT\CH592\BLE\LIB\libCH59xBLE.a(linkdb.o)
                0x0000000000010842                linkDB_PerformFunc
 .text.linkDB_PeripheralLinkNum
                0x000000000001089c       0x46 z:\_Arcade2\CH592EVT\CH592\BLE\LIB\libCH59xBLE.a(linkdb.o)
                0x000000000001089c                linkDB_PeripheralLinkNum
 .text.linkDB_GetSMEvtID
                0x00000000000108e2       0x60 z:\_Arcade2\CH592EVT\CH592\BLE\LIB\libCH59xBLE.a(linkdb.o)
                0x00000000000108e2                linkDB_GetSMEvtID
 .text.linkDB_Add
                0x0000000000010942       0xb2 z:\_Arcade2\CH592EVT\CH592\BLE\LIB\libCH59xBLE.a(linkdb.o)
                0x0000000000010942                linkDB_Add
 .text.linkDB_GetHandleFromSMEvtID
                0x00000000000109f4       0x3a z:\_Arcade2\CH592EVT\CH592\BLE\LIB\libCH59xBLE.a(linkdb.o)
                0x00000000000109f4                linkDB_GetHandleFromSMEvtID
 .text.linkDB_GetPairingParam
                0x0000000000010a2e       0x76 z:\_Arcade2\CH592EVT\CH592\BLE\LIB\libCH59xBLE.a(linkdb.o)
                0x0000000000010a2e                linkDB_GetPairingParam
 .text.linkDB_NeedSendKey
                0x0000000000010aa4       0x4c z:\_Arcade2\CH592EVT\CH592\BLE\LIB\libCH59xBLE.a(linkdb.o)
                0x0000000000010aa4                linkDB_NeedSendKey
 .text.smStartRspTimer
                0x0000000000010af0       0x3a z:\_Arcade2\CH592EVT\CH592\BLE\LIB\libCH59xBLE.a(sm.o)
 .text.smStartEncryption
                0x0000000000010b2a       0xa0 z:\_Arcade2\CH592EVT\CH592\BLE\LIB\libCH59xBLE.a(sm.o)
 .text.smFreePairingParams
                0x0000000000010bca       0x7e z:\_Arcade2\CH592EVT\CH592\BLE\LIB\libCH59xBLE.a(sm.o)
                0x0000000000010bca                smFreePairingParams
 .text.smEndPairing
                0x0000000000010c48       0x60 z:\_Arcade2\CH592EVT\CH592\BLE\LIB\libCH59xBLE.a(sm.o)
                0x0000000000010c48                smEndPairing
 .text.smLinkCheck
                0x0000000000010ca8       0x34 z:\_Arcade2\CH592EVT\CH592\BLE\LIB\libCH59xBLE.a(sm.o)
                0x0000000000010ca8                smLinkCheck
 .text.smNextPairingState
                0x0000000000010cdc       0x60 z:\_Arcade2\CH592EVT\CH592\BLE\LIB\libCH59xBLE.a(sm.o)
                0x0000000000010cdc                smNextPairingState
 .text.smProcessEncryptChange
                0x0000000000010d3c       0xf8 z:\_Arcade2\CH592EVT\CH592\BLE\LIB\libCH59xBLE.a(sm.o)
                0x0000000000010d3c                smProcessEncryptChange
 .text.smSendSMMsg
                0x0000000000010e34       0x5c z:\_Arcade2\CH592EVT\CH592\BLE\LIB\libCH59xBLE.a(sm.o)
                0x0000000000010e34                smSendSMMsg
 .text.smSendFailAndEnd
                0x0000000000010e90       0x38 z:\_Arcade2\CH592EVT\CH592\BLE\LIB\libCH59xBLE.a(sm.o)
                0x0000000000010e90                smSendFailAndEnd
 .text.smProcessPairingReq
                0x0000000000010ec8       0x40 z:\_Arcade2\CH592EVT\CH592\BLE\LIB\libCH59xBLE.a(sm.o)
                0x0000000000010ec8                smProcessPairingReq
 .text.smSetPairingReqRsp
                0x0000000000010f08       0x3c z:\_Arcade2\CH592EVT\CH592\BLE\LIB\libCH59xBLE.a(sm.o)
                0x0000000000010f08                smSetPairingReqRsp
 .text.SM_StartEncryption
                0x0000000000010f44       0x1a z:\_Arcade2\CH592EVT\CH592\BLE\LIB\libCH59xBLE.a(sm.o)
                0x0000000000010f44                SM_StartEncryption
 .text.sm_dhkey
                0x0000000000010f5e       0x3e z:\_Arcade2\CH592EVT\CH592\BLE\LIB\libCH59xBLE.a(sm.o)
                0x0000000000010f5e                sm_dhkey
 .text.sm_c1    0x0000000000010f9c       0xb4 z:\_Arcade2\CH592EVT\CH592\BLE\LIB\libCH59xBLE.a(sm.o)
                0x0000000000010f9c                sm_c1
 .text.smDetermineKeySize
                0x0000000000011050       0x20 z:\_Arcade2\CH592EVT\CH592\BLE\LIB\libCH59xBLE.a(sm.o)
                0x0000000000011050                smDetermineKeySize
 .text.smpParsePairingReq
                0x0000000000011070      0x118 z:\_Arcade2\CH592EVT\CH592\BLE\LIB\libCH59xBLE.a(sm.o)
                0x0000000000011070                smpParsePairingReq
 .text.smpParseEncInfo
                0x0000000000011188       0x2a z:\_Arcade2\CH592EVT\CH592\BLE\LIB\libCH59xBLE.a(sm.o)
                0x0000000000011188                smpParseEncInfo
 .text.smpParseIdentityAddrInfo
                0x00000000000111b2       0x34 z:\_Arcade2\CH592EVT\CH592\BLE\LIB\libCH59xBLE.a(sm.o)
                0x00000000000111b2                smpParseIdentityAddrInfo
 .text.smpParseIdentityInfo
                0x00000000000111e6       0x2a z:\_Arcade2\CH592EVT\CH592\BLE\LIB\libCH59xBLE.a(sm.o)
                0x00000000000111e6                smpParseIdentityInfo
 .text.smpParseMasterID
                0x0000000000011210       0x3c z:\_Arcade2\CH592EVT\CH592\BLE\LIB\libCH59xBLE.a(sm.o)
                0x0000000000011210                smpParseMasterID
 .text.smpParsePairingConfirm
                0x000000000001124c       0x2a z:\_Arcade2\CH592EVT\CH592\BLE\LIB\libCH59xBLE.a(sm.o)
                0x000000000001124c                smpParsePairingConfirm
 .text.smpParsePairingFailed
                0x0000000000011276       0x1c z:\_Arcade2\CH592EVT\CH592\BLE\LIB\libCH59xBLE.a(sm.o)
                0x0000000000011276                smpParsePairingFailed
 .text.smpParsePairingRandom
                0x0000000000011292       0x2a z:\_Arcade2\CH592EVT\CH592\BLE\LIB\libCH59xBLE.a(sm.o)
                0x0000000000011292                smpParsePairingRandom
 .text.smpParseSigningInfo
                0x00000000000112bc       0x2a z:\_Arcade2\CH592EVT\CH592\BLE\LIB\libCH59xBLE.a(sm.o)
                0x00000000000112bc                smpParseSigningInfo
 .text.smpParsePairingPublicKey
                0x00000000000112e6       0x2c z:\_Arcade2\CH592EVT\CH592\BLE\LIB\libCH59xBLE.a(sm.o)
                0x00000000000112e6                smpParsePairingPublicKey
 .text.smpParsePairingDHKeyCheck
                0x0000000000011312       0x2a z:\_Arcade2\CH592EVT\CH592\BLE\LIB\libCH59xBLE.a(sm.o)
                0x0000000000011312                smpParsePairingDHKeyCheck
 .text.smProcessDataMsg